ARM Linker, 4.1 [Build 894] [Evaluation]

==============================================================================

Section Cross References

    startup_stm32l1xx_md.o(RESET) refers to startup_stm32l1xx_md.o(STACK) for __initial_sp
    startup_stm32l1xx_md.o(RESET) refers to startup_stm32l1xx_md.o(.text) for Reset_Handler
    startup_stm32l1xx_md.o(RESET) refers to stm32l1xx_it.o(i.NMI_Handler) for NMI_Handler
    startup_stm32l1xx_md.o(RESET) refers to stm32l1xx_it.o(i.HardFault_Handler) for HardFault_Handler
    startup_stm32l1xx_md.o(RESET) refers to stm32l1xx_it.o(i.MemManage_Handler) for MemManage_Handler
    startup_stm32l1xx_md.o(RESET) refers to stm32l1xx_it.o(i.BusFault_Handler) for BusFault_Handler
    startup_stm32l1xx_md.o(RESET) refers to stm32l1xx_it.o(i.UsageFault_Handler) for UsageFault_Handler
    startup_stm32l1xx_md.o(RESET) refers to stm32l1xx_it.o(i.SVC_Handler) for SVC_Handler
    startup_stm32l1xx_md.o(RESET) refers to stm32l1xx_it.o(i.DebugMon_Handler) for DebugMon_Handler
    startup_stm32l1xx_md.o(RESET) refers to stm32l1xx_it.o(i.PendSV_Handler) for PendSV_Handler
    startup_stm32l1xx_md.o(RESET) refers to stm32l1xx_it.o(i.SysTick_Handler) for SysTick_Handler
    startup_stm32l1xx_md.o(RESET) refers to stm32l1xx_it.o(i.RTC_WKUP_IRQHandler) for RTC_WKUP_IRQHandler
    startup_stm32l1xx_md.o(RESET) refers to stm32l1xx_it.o(i.EXTI0_IRQHandler) for EXTI0_IRQHandler
    startup_stm32l1xx_md.o(RESET) refers to stm32l1xx_it.o(i.DMA1_Channel1_IRQHandler) for DMA1_Channel1_IRQHandler
    startup_stm32l1xx_md.o(.text) refers to system_stm32l1xx.o(i.SystemInit) for SystemInit
    startup_stm32l1xx_md.o(.text) refers to entry.o(.ARM.Collect$$$$00000000) for __main
    stm32l1xx_usart.o(i.USART_DeInit) refers to stm32l1xx_rcc.o(i.RCC_APB2PeriphResetCmd) for RCC_APB2PeriphResetCmd
    stm32l1xx_usart.o(i.USART_DeInit) refers to stm32l1xx_rcc.o(i.RCC_APB1PeriphResetCmd) for RCC_APB1PeriphResetCmd
    stm32l1xx_usart.o(i.USART_Init) refers to stm32l1xx_rcc.o(i.RCC_GetClocksFreq) for RCC_GetClocksFreq
    stm32l1xx_tim.o(i.TIM_DeInit) refers to stm32l1xx_rcc.o(i.RCC_APB1PeriphResetCmd) for RCC_APB1PeriphResetCmd
    stm32l1xx_tim.o(i.TIM_DeInit) refers to stm32l1xx_rcc.o(i.RCC_APB2PeriphResetCmd) for RCC_APB2PeriphResetCmd
    stm32l1xx_tim.o(i.TIM_ETRClockMode1Config) refers to stm32l1xx_tim.o(i.TIM_ETRConfig) for TIM_ETRConfig
    stm32l1xx_tim.o(i.TIM_ETRClockMode2Config) refers to stm32l1xx_tim.o(i.TIM_ETRConfig) for TIM_ETRConfig
    stm32l1xx_tim.o(i.TIM_ICInit) refers to stm32l1xx_tim.o(i.TIM_SetIC4Prescaler) for TIM_SetIC4Prescaler
    stm32l1xx_tim.o(i.TIM_ICInit) refers to stm32l1xx_tim.o(i.TI1_Config) for TI1_Config
    stm32l1xx_tim.o(i.TIM_ICInit) refers to stm32l1xx_tim.o(i.TIM_SetIC1Prescaler) for TIM_SetIC1Prescaler
    stm32l1xx_tim.o(i.TIM_ICInit) refers to stm32l1xx_tim.o(i.TI2_Config) for TI2_Config
    stm32l1xx_tim.o(i.TIM_ICInit) refers to stm32l1xx_tim.o(i.TIM_SetIC2Prescaler) for TIM_SetIC2Prescaler
    stm32l1xx_tim.o(i.TIM_ICInit) refers to stm32l1xx_tim.o(i.TIM_SetIC3Prescaler) for TIM_SetIC3Prescaler
    stm32l1xx_tim.o(i.TIM_ITRxExternalClockConfig) refers to stm32l1xx_tim.o(i.TIM_SelectInputTrigger) for TIM_SelectInputTrigger
    stm32l1xx_tim.o(i.TIM_PWMIConfig) refers to stm32l1xx_tim.o(i.TI2_Config) for TI2_Config
    stm32l1xx_tim.o(i.TIM_PWMIConfig) refers to stm32l1xx_tim.o(i.TIM_SetIC2Prescaler) for TIM_SetIC2Prescaler
    stm32l1xx_tim.o(i.TIM_PWMIConfig) refers to stm32l1xx_tim.o(i.TI1_Config) for TI1_Config
    stm32l1xx_tim.o(i.TIM_PWMIConfig) refers to stm32l1xx_tim.o(i.TIM_SetIC1Prescaler) for TIM_SetIC1Prescaler
    stm32l1xx_tim.o(i.TIM_TIxExternalClockConfig) refers to stm32l1xx_tim.o(i.TI1_Config) for TI1_Config
    stm32l1xx_tim.o(i.TIM_TIxExternalClockConfig) refers to stm32l1xx_tim.o(i.TIM_SelectInputTrigger) for TIM_SelectInputTrigger
    stm32l1xx_tim.o(i.TIM_TIxExternalClockConfig) refers to stm32l1xx_tim.o(i.TI2_Config) for TI2_Config
    stm32l1xx_syscfg.o(i.SYSCFG_DeInit) refers to stm32l1xx_rcc.o(i.RCC_APB2PeriphResetCmd) for RCC_APB2PeriphResetCmd
    stm32l1xx_spi.o(i.SPI_I2S_DeInit) refers to stm32l1xx_rcc.o(i.RCC_APB2PeriphResetCmd) for RCC_APB2PeriphResetCmd
    stm32l1xx_spi.o(i.SPI_I2S_DeInit) refers to stm32l1xx_rcc.o(i.RCC_APB1PeriphResetCmd) for RCC_APB1PeriphResetCmd
    stm32l1xx_rtc.o(i.RTC_DeInit) refers to stm32l1xx_rtc.o(i.RTC_EnterInitMode) for RTC_EnterInitMode
    stm32l1xx_rtc.o(i.RTC_DeInit) refers to stm32l1xx_rtc.o(i.RTC_WaitForSynchro) for RTC_WaitForSynchro
    stm32l1xx_rtc.o(i.RTC_DigitalCalibCmd) refers to stm32l1xx_rtc.o(i.RTC_EnterInitMode) for RTC_EnterInitMode
    stm32l1xx_rtc.o(i.RTC_DigitalCalibCmd) refers to stm32l1xx_rtc.o(i.RTC_ExitInitMode) for RTC_ExitInitMode
    stm32l1xx_rtc.o(i.RTC_DigitalCalibConfig) refers to stm32l1xx_rtc.o(i.RTC_EnterInitMode) for RTC_EnterInitMode
    stm32l1xx_rtc.o(i.RTC_DigitalCalibConfig) refers to stm32l1xx_rtc.o(i.RTC_ExitInitMode) for RTC_ExitInitMode
[...]
    depilogue.o(.text) refers to llshl.o(.text) for __aeabi_llsl
    depilogue.o(.text) refers to llushr.o(.text) for __aeabi_llsr


==============================================================================

Removing Unused input sections from the image.

    Removing core_cm3.o(.emb_text), (32 bytes).
    Removing startup_stm32l1xx_md.o(HEAP), (512 bytes).
    Removing stm32l1xx_usart.o(.rev16_text), (4 bytes).
    Removing stm32l1xx_usart.o(.revsh_text), (4 bytes).
    Removing stm32l1xx_usart.o(i.USART_ClearFlag), (6 bytes).
    Removing stm32l1xx_usart.o(i.USART_ClearITPendingBit), (12 bytes).
    Removing stm32l1xx_usart.o(i.USART_ClockInit), (28 bytes).
    Removing stm32l1xx_usart.o(i.USART_ClockStructInit), (12 bytes).
    Removing stm32l1xx_usart.o(i.USART_Cmd), (20 bytes).
    Removing stm32l1xx_usart.o(i.USART_DMACmd), (16 bytes).
    Removing stm32l1xx_usart.o(i.USART_DeInit), (84 bytes).
    Removing stm32l1xx_usart.o(i.USART_GetFlagStatus), (14 bytes).
    Removing stm32l1xx_usart.o(i.USART_GetITStatus), (62 bytes).
    Removing stm32l1xx_usart.o(i.USART_HalfDuplexCmd), (20 bytes).
    Removing stm32l1xx_usart.o(i.USART_ITConfig), (48 bytes).
    Removing stm32l1xx_usart.o(i.USART_Init), (172 bytes).
    Removing stm32l1xx_usart.o(i.USART_IrDACmd), (20 bytes).
    Removing stm32l1xx_usart.o(i.USART_IrDAConfig), (16 bytes).
    Removing stm32l1xx_usart.o(i.USART_LINBreakDetectLengthConfig), (16 bytes).
    Removing stm32l1xx_usart.o(i.USART_LINCmd), (20 bytes).
    Removing stm32l1xx_usart.o(i.USART_OneBitMethodCmd), (20 bytes).
    Removing stm32l1xx_usart.o(i.USART_OverSampling8Cmd), (20 bytes).
    Removing stm32l1xx_usart.o(i.USART_ReceiveData), (8 bytes).
    Removing stm32l1xx_usart.o(i.USART_ReceiverWakeUpCmd), (20 bytes).
    Removing stm32l1xx_usart.o(i.USART_SendBreak), (10 bytes).
    Removing stm32l1xx_usart.o(i.USART_SendData), (8 bytes).
    Removing stm32l1xx_usart.o(i.USART_SetAddress), (16 bytes).
    Removing stm32l1xx_usart.o(i.USART_SetGuardTime), (16 bytes).
    Removing stm32l1xx_usart.o(i.USART_SetPrescaler), (16 bytes).
    Removing stm32l1xx_usart.o(i.USART_SmartCardCmd), (20 bytes).
    Removing stm32l1xx_usart.o(i.USART_SmartCardNACKCmd), (20 bytes).
    Removing stm32l1xx_usart.o(i.USART_StructInit), (22 bytes).
    Removing stm32l1xx_usart.o(i.USART_WakeUpConfig), (16 bytes).
    Removing stm32l1xx_tim.o(.rev16_text), (4 bytes).
    Removing stm32l1xx_tim.o(.revsh_text), (4 bytes).
    Removing stm32l1xx_tim.o(i.TI1_Config), (40 bytes).
    Removing stm32l1xx_tim.o(i.TI2_Config), (44 bytes).
    Removing stm32l1xx_tim.o(i.TIM_ARRPreloadConfig), (20 bytes).
    Removing stm32l1xx_tim.o(i.TIM_CCxCmd), (22 bytes).
    Removing stm32l1xx_tim.o(i.TIM_ClearFlag), (6 bytes).
    Removing stm32l1xx_tim.o(i.TIM_ClearITPendingBit), (6 bytes).
    Removing stm32l1xx_tim.o(i.TIM_ClearOC1Ref), (12 bytes).
    Removing stm32l1xx_tim.o(i.TIM_ClearOC2Ref), (14 bytes).
    Removing stm32l1xx_tim.o(i.TIM_ClearOC3Ref), (12 bytes).
    Removing stm32l1xx_tim.o(i.TIM_ClearOC4Ref), (14 bytes).
    Removing stm32l1xx_tim.o(i.TIM_Cmd), (20 bytes).
    Removing stm32l1xx_tim.o(i.TIM_CounterModeConfig), (12 bytes).
    Removing stm32l1xx_tim.o(i.TIM_DMACmd), (16 bytes).
    Removing stm32l1xx_tim.o(i.TIM_DMAConfig), (8 bytes).
    Removing stm32l1xx_tim.o(i.TIM_DeInit), (204 bytes).
    Removing stm32l1xx_tim.o(i.TIM_ETRClockMode1Config), (18 bytes).
    Removing stm32l1xx_tim.o(i.TIM_ETRClockMode2Config), (18 bytes).
    Removing stm32l1xx_tim.o(i.TIM_ETRConfig), (18 bytes).
    Removing stm32l1xx_tim.o(i.TIM_EncoderInterfaceConfig), (44 bytes).
    Removing stm32l1xx_tim.o(i.TIM_ForcedOC1Config), (12 bytes).
    Removing stm32l1xx_tim.o(i.TIM_ForcedOC2Config), (14 bytes).
    Removing stm32l1xx_tim.o(i.TIM_ForcedOC3Config), (12 bytes).
    Removing stm32l1xx_tim.o(i.TIM_ForcedOC4Config), (14 bytes).
    Removing stm32l1xx_tim.o(i.TIM_GenerateEvent), (4 bytes).
    Removing stm32l1xx_tim.o(i.TIM_GetCapture1), (4 bytes).
    Removing stm32l1xx_tim.o(i.TIM_GetCapture2), (4 bytes).
    Removing stm32l1xx_tim.o(i.TIM_GetCapture3), (4 bytes).
    Removing stm32l1xx_tim.o(i.TIM_GetCapture4), (6 bytes).
    Removing stm32l1xx_tim.o(i.TIM_GetCounter), (4 bytes).
    Removing stm32l1xx_tim.o(i.TIM_GetFlagStatus), (14 bytes).
    Removing stm32l1xx_tim.o(i.TIM_GetITStatus), (22 bytes).
    Removing stm32l1xx_tim.o(i.TIM_GetPrescaler), (4 bytes).
    Removing stm32l1xx_tim.o(i.TIM_ICInit), (160 bytes).
    Removing stm32l1xx_tim.o(i.TIM_ICStructInit), (16 bytes).
    Removing stm32l1xx_tim.o(i.TIM_ITConfig), (16 bytes).
    Removing stm32l1xx_tim.o(i.TIM_ITRxExternalClockConfig), (18 bytes).
    Removing stm32l1xx_tim.o(i.TIM_InternalClockConfig), (10 bytes).
    Removing stm32l1xx_tim.o(i.TIM_OC1FastConfig), (12 bytes).
    Removing stm32l1xx_tim.o(i.TIM_OC1Init), (44 bytes).
    Removing stm32l1xx_tim.o(i.TIM_OC1PolarityConfig), (12 bytes).
    Removing stm32l1xx_tim.o(i.TIM_OC1PreloadConfig), (12 bytes).
    Removing stm32l1xx_tim.o(i.TIM_OC2FastConfig), (14 bytes).
    Removing stm32l1xx_tim.o(i.TIM_OC2Init), (50 bytes).
    Removing stm32l1xx_tim.o(i.TIM_OC2PolarityConfig), (14 bytes).
    Removing stm32l1xx_tim.o(i.TIM_OC2PreloadConfig), (14 bytes).
    Removing stm32l1xx_tim.o(i.TIM_OC3FastConfig), (12 bytes).
    Removing stm32l1xx_tim.o(i.TIM_OC3Init), (48 bytes).
    Removing stm32l1xx_tim.o(i.TIM_OC3PolarityConfig), (14 bytes).
    Removing stm32l1xx_tim.o(i.TIM_OC3PreloadConfig), (12 bytes).
    Removing stm32l1xx_tim.o(i.TIM_OC4FastConfig), (14 bytes).
    Removing stm32l1xx_tim.o(i.TIM_OC4Init), (52 bytes).
    Removing stm32l1xx_tim.o(i.TIM_OC4PolarityConfig), (14 bytes).
    Removing stm32l1xx_tim.o(i.TIM_OC4PreloadConfig), (14 bytes).
    Removing stm32l1xx_tim.o(i.TIM_OCStructInit), (12 bytes).
    Removing stm32l1xx_tim.o(i.TIM_PWMIConfig), (108 bytes).
    Removing stm32l1xx_tim.o(i.TIM_PrescalerConfig), (6 bytes).
    Removing stm32l1xx_tim.o(i.TIM_RemapConfig), (6 bytes).
    Removing stm32l1xx_tim.o(i.TIM_SelectCCDMA), (20 bytes).
    Removing stm32l1xx_tim.o(i.TIM_SelectHallSensor), (20 bytes).
    Removing stm32l1xx_tim.o(i.TIM_SelectInputTrigger), (12 bytes).
    Removing stm32l1xx_tim.o(i.TIM_SelectMasterSlaveMode), (16 bytes).
    Removing stm32l1xx_tim.o(i.TIM_SelectOCREFClear), (16 bytes).
    Removing stm32l1xx_tim.o(i.TIM_SelectOCxM), (66 bytes).
    Removing stm32l1xx_tim.o(i.TIM_SelectOnePulseMode), (16 bytes).
    Removing stm32l1xx_tim.o(i.TIM_SelectOutputTrigger), (16 bytes).
    Removing stm32l1xx_tim.o(i.TIM_SelectSlaveMode), (16 bytes).
    Removing stm32l1xx_tim.o(i.TIM_SetAutoreload), (4 bytes).
    Removing stm32l1xx_tim.o(i.TIM_SetClockDivision), (16 bytes).
    Removing stm32l1xx_tim.o(i.TIM_SetCompare1), (4 bytes).
    Removing stm32l1xx_tim.o(i.TIM_SetCompare2), (4 bytes).
    Removing stm32l1xx_tim.o(i.TIM_SetCompare3), (4 bytes).
    Removing stm32l1xx_tim.o(i.TIM_SetCompare4), (6 bytes).
    Removing stm32l1xx_tim.o(i.TIM_SetCounter), (4 bytes).
    Removing stm32l1xx_tim.o(i.TIM_SetIC1Prescaler), (16 bytes).
    Removing stm32l1xx_tim.o(i.TIM_SetIC2Prescaler), (18 bytes).
    Removing stm32l1xx_tim.o(i.TIM_SetIC3Prescaler), (16 bytes).
    Removing stm32l1xx_tim.o(i.TIM_SetIC4Prescaler), (18 bytes).
    Removing stm32l1xx_tim.o(i.TIM_TIxExternalClockConfig), (44 bytes).
    Removing stm32l1xx_tim.o(i.TIM_TimeBaseInit), (80 bytes).
    Removing stm32l1xx_tim.o(i.TIM_TimeBaseStructInit), (16 bytes).
    Removing stm32l1xx_tim.o(i.TIM_UpdateDisableConfig), (20 bytes).
    Removing stm32l1xx_tim.o(i.TIM_UpdateRequestConfig), (20 bytes).
    Removing stm32l1xx_syscfg.o(.rev16_text), (4 bytes).
    Removing stm32l1xx_syscfg.o(.revsh_text), (4 bytes).
    Removing stm32l1xx_syscfg.o(i.SYSCFG_DeInit), (22 bytes).
    Removing stm32l1xx_syscfg.o(i.SYSCFG_MemoryRemapConfig), (12 bytes).
    Removing stm32l1xx_syscfg.o(i.SYSCFG_RIDeInit), (32 bytes).
    Removing stm32l1xx_syscfg.o(i.SYSCFG_RIHysteresisConfig), (76 bytes).
    Removing stm32l1xx_syscfg.o(i.SYSCFG_RIIOSwitchConfig), (52 bytes).
    Removing stm32l1xx_syscfg.o(i.SYSCFG_RIResistorConfig), (24 bytes).
    Removing stm32l1xx_syscfg.o(i.SYSCFG_RISwitchControlModeCmd), (28 bytes).
    Removing stm32l1xx_syscfg.o(i.SYSCFG_RITIMInputCaptureConfig), (64 bytes).
    Removing stm32l1xx_syscfg.o(i.SYSCFG_RITIMSelect), (20 bytes).
    Removing stm32l1xx_syscfg.o(i.SYSCFG_USBPuCmd), (28 bytes).
    Removing stm32l1xx_spi.o(.rev16_text), (4 bytes).
    Removing stm32l1xx_spi.o(.revsh_text), (4 bytes).
    Removing stm32l1xx_spi.o(i.SPI_BiDirectionalLineConfig), (22 bytes).
    Removing stm32l1xx_spi.o(i.SPI_CalculateCRC), (20 bytes).
    Removing stm32l1xx_spi.o(i.SPI_Cmd), (20 bytes).
    Removing stm32l1xx_spi.o(i.SPI_DataSizeConfig), (16 bytes).
    Removing stm32l1xx_spi.o(i.SPI_GetCRC), (12 bytes).
    Removing stm32l1xx_spi.o(i.SPI_GetCRCPolynomial), (4 bytes).
    Removing stm32l1xx_spi.o(i.SPI_I2S_ClearFlag), (6 bytes).
    Removing stm32l1xx_spi.o(i.SPI_I2S_ClearITPendingBit), (14 bytes).
    Removing stm32l1xx_spi.o(i.SPI_I2S_DMACmd), (16 bytes).
    Removing stm32l1xx_spi.o(i.SPI_I2S_DeInit), (68 bytes).
    Removing stm32l1xx_spi.o(i.SPI_I2S_GetFlagStatus), (14 bytes).
    Removing stm32l1xx_spi.o(i.SPI_I2S_GetITStatus), (40 bytes).
    Removing stm32l1xx_spi.o(i.SPI_I2S_ITConfig), (24 bytes).
    Removing stm32l1xx_spi.o(i.SPI_I2S_ReceiveData), (4 bytes).
    Removing stm32l1xx_spi.o(i.SPI_I2S_SendData), (4 bytes).
    Removing stm32l1xx_spi.o(i.SPI_Init), (48 bytes).
    Removing stm32l1xx_spi.o(i.SPI_NSSInternalSoftwareConfig), (24 bytes).
    Removing stm32l1xx_spi.o(i.SPI_SSOutputCmd), (20 bytes).
    Removing stm32l1xx_spi.o(i.SPI_StructInit), (24 bytes).
    Removing stm32l1xx_spi.o(i.SPI_TransmitCRC), (10 bytes).
    Removing stm32l1xx_rtc.o(.rev16_text), (4 bytes).
    Removing stm32l1xx_rtc.o(.revsh_text), (4 bytes).
    Removing stm32l1xx_rtc.o(i.RTC_AlarmCmd), (76 bytes).
    Removing stm32l1xx_rtc.o(i.RTC_AlarmStructInit), (20 bytes).
    Removing stm32l1xx_rtc.o(i.RTC_Bcd2ToByte), (18 bytes).
    Removing stm32l1xx_rtc.o(i.RTC_ByteToBcd2), (24 bytes).
    Removing stm32l1xx_rtc.o(i.RTC_CalibOutputCmd), (44 bytes).
    Removing stm32l1xx_rtc.o(i.RTC_ClearFlag), (28 bytes).
    Removing stm32l1xx_rtc.o(i.RTC_DateStructInit), (14 bytes).
    Removing stm32l1xx_rtc.o(i.RTC_DayLightSavingConfig), (44 bytes).
    Removing stm32l1xx_rtc.o(i.RTC_DeInit), (148 bytes).
    Removing stm32l1xx_rtc.o(i.RTC_DigitalCalibCmd), (60 bytes).
    Removing stm32l1xx_rtc.o(i.RTC_DigitalCalibConfig), (52 bytes).
    Removing stm32l1xx_rtc.o(i.RTC_EnterInitMode), (52 bytes).
    Removing stm32l1xx_rtc.o(i.RTC_ExitInitMode), (16 bytes).
    Removing stm32l1xx_rtc.o(i.RTC_GetAlarm), (108 bytes).
    Removing stm32l1xx_rtc.o(i.RTC_GetDate), (80 bytes).
    Removing stm32l1xx_rtc.o(i.RTC_GetFlagStatus), (28 bytes).
    Removing stm32l1xx_rtc.o(i.RTC_GetStoreOperation), (16 bytes).
    Removing stm32l1xx_rtc.o(i.RTC_GetTime), (76 bytes).
    Removing stm32l1xx_rtc.o(i.RTC_GetTimeStamp), (140 bytes).
    Removing stm32l1xx_rtc.o(i.RTC_GetWakeUpCounter), (12 bytes).
    Removing stm32l1xx_rtc.o(i.RTC_Init), (80 bytes).
    Removing stm32l1xx_rtc.o(i.RTC_OutputConfig), (44 bytes).
    Removing stm32l1xx_rtc.o(i.RTC_OutputTypeConfig), (24 bytes).
    Removing stm32l1xx_rtc.o(i.RTC_ReadBackupRegister), (12 bytes).
    Removing stm32l1xx_rtc.o(i.RTC_RefClockCmd), (60 bytes).
    Removing stm32l1xx_rtc.o(i.RTC_SetAlarm), (164 bytes).
    Removing stm32l1xx_rtc.o(i.RTC_SetDate), (148 bytes).
    Removing stm32l1xx_rtc.o(i.RTC_SetTime), (152 bytes).
    Removing stm32l1xx_rtc.o(i.RTC_StructInit), (14 bytes).
    Removing stm32l1xx_rtc.o(i.RTC_TamperCmd), (24 bytes).
    Removing stm32l1xx_rtc.o(i.RTC_TamperTriggerConfig), (28 bytes).
    Removing stm32l1xx_rtc.o(i.RTC_TimeStampCmd), (48 bytes).
    Removing stm32l1xx_rtc.o(i.RTC_TimeStructInit), (12 bytes).
    Removing stm32l1xx_rtc.o(i.RTC_WriteBackupRegister), (12 bytes).
    Removing stm32l1xx_rtc.o(i.RTC_WriteProtectionCmd), (24 bytes).
    Removing stm32l1xx_rcc.o(.rev16_text), (4 bytes).
    Removing stm32l1xx_rcc.o(.revsh_text), (4 bytes).
    Removing stm32l1xx_rcc.o(i.RCC_AHBPeriphClockLPModeCmd), (24 bytes).
    Removing stm32l1xx_rcc.o(i.RCC_AHBPeriphResetCmd), (24 bytes).
    Removing stm32l1xx_rcc.o(i.RCC_APB1PeriphClockLPModeCmd), (24 bytes).
    Removing stm32l1xx_rcc.o(i.RCC_APB1PeriphResetCmd), (24 bytes).
    Removing stm32l1xx_rcc.o(i.RCC_APB2PeriphClockLPModeCmd), (24 bytes).
    Removing stm32l1xx_rcc.o(i.RCC_APB2PeriphResetCmd), (24 bytes).
    Removing stm32l1xx_rcc.o(i.RCC_AdjustHSICalibrationValue), (20 bytes).
    Removing stm32l1xx_rcc.o(i.RCC_AdjustMSICalibrationValue), (12 bytes).
    Removing stm32l1xx_rcc.o(i.RCC_ClearFlag), (16 bytes).
    Removing stm32l1xx_rcc.o(i.RCC_ClearITPendingBit), (12 bytes).
    Removing stm32l1xx_rcc.o(i.RCC_ClockSecuritySystemCmd), (12 bytes).
    Removing stm32l1xx_rcc.o(i.RCC_DeInit), (68 bytes).
    Removing stm32l1xx_rcc.o(i.RCC_GetITStatus), (20 bytes).
    Removing stm32l1xx_rcc.o(i.RCC_GetSYSCLKSource), (16 bytes).
    Removing stm32l1xx_rcc.o(i.RCC_HCLKConfig), (20 bytes).
    Removing stm32l1xx_rcc.o(i.RCC_ITConfig), (24 bytes).
    Removing stm32l1xx_rcc.o(i.RCC_LSICmd), (12 bytes).
    Removing stm32l1xx_rcc.o(i.RCC_MCOConfig), (12 bytes).
    Removing stm32l1xx_rcc.o(i.RCC_MSICmd), (12 bytes).
    Removing stm32l1xx_rcc.o(i.RCC_PCLK1Config), (20 bytes).
    Removing stm32l1xx_rcc.o(i.RCC_PCLK2Config), (20 bytes).
    Removing stm32l1xx_rcc.o(i.RCC_PLLCmd), (12 bytes).
    Removing stm32l1xx_rcc.o(i.RCC_PLLConfig), (16 bytes).
    Removing stm32l1xx_rcc.o(i.RCC_WaitForHSEStartUp), (38 bytes).
    Removing stm32l1xx_pwr.o(.rev16_text), (4 bytes).
    Removing stm32l1xx_pwr.o(.revsh_text), (4 bytes).
    Removing stm32l1xx_pwr.o(i.PWR_ClearFlag), (16 bytes).
    Removing stm32l1xx_pwr.o(i.PWR_DeInit), (24 bytes).
    Removing stm32l1xx_pwr.o(i.PWR_EnterLowPowerRunMode), (44 bytes).
    Removing stm32l1xx_pwr.o(i.PWR_EnterSTANDBYMode), (40 bytes).
    Removing stm32l1xx_pwr.o(i.PWR_EnterSleepMode), (44 bytes).
    Removing stm32l1xx_pwr.o(i.PWR_FastWakeUpCmd), (12 bytes).
    Removing stm32l1xx_pwr.o(i.PWR_PVDCmd), (12 bytes).
    Removing stm32l1xx_pwr.o(i.PWR_PVDLevelConfig), (20 bytes).
    Removing stm32l1xx_pwr.o(i.PWR_UltraLowPowerCmd), (12 bytes).
    Removing stm32l1xx_pwr.o(i.PWR_WakeUpPinCmd), (12 bytes).
    Removing stm32l1xx_lcd.o(.rev16_text), (4 bytes).
    Removing stm32l1xx_lcd.o(.revsh_text), (4 bytes).
    Removing stm32l1xx_lcd.o(i.LCD_ClearFlag), (12 bytes).
    Removing stm32l1xx_lcd.o(i.LCD_ClearITPendingBit), (12 bytes).
    Removing stm32l1xx_lcd.o(i.LCD_DeInit), (24 bytes).
    Removing stm32l1xx_lcd.o(i.LCD_GetITStatus), (36 bytes).
    Removing stm32l1xx_lcd.o(i.LCD_HighDriveCmd), (12 bytes).
    Removing stm32l1xx_lcd.o(i.LCD_ITConfig), (24 bytes).
    Removing stm32l1xx_lcd.o(i.LCD_StructInit), (14 bytes).
    Removing stm32l1xx_lcd.o(i.LCD_Write), (12 bytes).
    Removing stm32l1xx_iwdg.o(.rev16_text), (4 bytes).
    Removing stm32l1xx_iwdg.o(.revsh_text), (4 bytes).
    Removing stm32l1xx_iwdg.o(i.IWDG_Enable), (16 bytes).
    Removing stm32l1xx_iwdg.o(i.IWDG_GetFlagStatus), (20 bytes).
    Removing stm32l1xx_iwdg.o(i.IWDG_ReloadCounter), (16 bytes).
    Removing stm32l1xx_iwdg.o(i.IWDG_SetPrescaler), (12 bytes).
    Removing stm32l1xx_iwdg.o(i.IWDG_SetReload), (12 bytes).
    Removing stm32l1xx_iwdg.o(i.IWDG_WriteAccessCmd), (12 bytes).
    Removing stm32l1xx_i2c.o(.rev16_text), (4 bytes).
    Removing stm32l1xx_i2c.o(.revsh_text), (4 bytes).
    Removing stm32l1xx_i2c.o(i.I2C_ARPCmd), (20 bytes).
    Removing stm32l1xx_i2c.o(i.I2C_AcknowledgeConfig), (20 bytes).
    Removing stm32l1xx_i2c.o(i.I2C_CalculatePEC), (20 bytes).
    Removing stm32l1xx_i2c.o(i.I2C_CheckEvent), (24 bytes).
    Removing stm32l1xx_i2c.o(i.I2C_ClearFlag), (6 bytes).
    Removing stm32l1xx_i2c.o(i.I2C_ClearITPendingBit), (6 bytes).
    Removing stm32l1xx_i2c.o(i.I2C_Cmd), (20 bytes).
    Removing stm32l1xx_i2c.o(i.I2C_DMACmd), (20 bytes).
    Removing stm32l1xx_i2c.o(i.I2C_DMALastTransferCmd), (20 bytes).
    Removing stm32l1xx_i2c.o(i.I2C_DeInit), (44 bytes).
    Removing stm32l1xx_i2c.o(i.I2C_DualAddressCmd), (20 bytes).
    Removing stm32l1xx_i2c.o(i.I2C_FastModeDutyCycleConfig), (22 bytes).
    Removing stm32l1xx_i2c.o(i.I2C_GeneralCallCmd), (20 bytes).
    Removing stm32l1xx_i2c.o(i.I2C_GenerateSTART), (20 bytes).
    Removing stm32l1xx_i2c.o(i.I2C_GenerateSTOP), (20 bytes).
    Removing stm32l1xx_i2c.o(i.I2C_GetFlagStatus), (30 bytes).
    Removing stm32l1xx_i2c.o(i.I2C_GetITStatus), (32 bytes).
    Removing stm32l1xx_i2c.o(i.I2C_GetLastEvent), (14 bytes).
    Removing stm32l1xx_i2c.o(i.I2C_GetPEC), (6 bytes).
    Removing stm32l1xx_i2c.o(i.I2C_ITConfig), (16 bytes).
    Removing stm32l1xx_i2c.o(i.I2C_Init), (180 bytes).
    Removing stm32l1xx_i2c.o(i.I2C_OwnAddress2Config), (16 bytes).
    Removing stm32l1xx_i2c.o(i.I2C_PECPositionConfig), (22 bytes).
    Removing stm32l1xx_i2c.o(i.I2C_ReadRegister), (4 bytes).
    Removing stm32l1xx_i2c.o(i.I2C_ReceiveData), (6 bytes).
    Removing stm32l1xx_i2c.o(i.I2C_SMBusAlertConfig), (22 bytes).
    Removing stm32l1xx_i2c.o(i.I2C_Send7bitAddress), (16 bytes).
    Removing stm32l1xx_i2c.o(i.I2C_SendData), (4 bytes).
    Removing stm32l1xx_i2c.o(i.I2C_SoftwareResetCmd), (20 bytes).
    Removing stm32l1xx_i2c.o(i.I2C_StretchClockCmd), (20 bytes).
    Removing stm32l1xx_i2c.o(i.I2C_StructInit), (28 bytes).
    Removing stm32l1xx_i2c.o(i.I2C_TransmitPEC), (20 bytes).
    Removing stm32l1xx_gpio.o(.rev16_text), (4 bytes).
    Removing stm32l1xx_gpio.o(.revsh_text), (4 bytes).
    Removing stm32l1xx_gpio.o(i.GPIO_DeInit), (156 bytes).
    Removing stm32l1xx_gpio.o(i.GPIO_PinLockConfig), (16 bytes).
    Removing stm32l1xx_gpio.o(i.GPIO_ReadInputData), (4 bytes).
    Removing stm32l1xx_gpio.o(i.GPIO_ReadInputDataBit), (14 bytes).
    Removing stm32l1xx_gpio.o(i.GPIO_ReadOutputData), (4 bytes).
    Removing stm32l1xx_gpio.o(i.GPIO_ReadOutputDataBit), (14 bytes).
    Removing stm32l1xx_gpio.o(i.GPIO_ResetBits), (4 bytes).
    Removing stm32l1xx_gpio.o(i.GPIO_SetBits), (4 bytes).
    Removing stm32l1xx_gpio.o(i.GPIO_Write), (4 bytes).
    Removing stm32l1xx_gpio.o(i.GPIO_WriteBit), (10 bytes).
    Removing stm32l1xx_flash.o(.rev16_text), (4 bytes).
    Removing stm32l1xx_flash.o(.revsh_text), (4 bytes).
    Removing stm32l1xx_flash.o(i.DATA_EEPROM_EraseWord), (22 bytes).
    Removing stm32l1xx_flash.o(i.DATA_EEPROM_FastProgramByte), (84 bytes).
    Removing stm32l1xx_flash.o(i.DATA_EEPROM_FastProgramHalfWord), (112 bytes).
    Removing stm32l1xx_flash.o(i.DATA_EEPROM_FastProgramWord), (48 bytes).
    Removing stm32l1xx_flash.o(i.DATA_EEPROM_FixedTimeProgramCmd), (28 bytes).
    Removing stm32l1xx_flash.o(i.DATA_EEPROM_Lock), (16 bytes).
    Removing stm32l1xx_flash.o(i.DATA_EEPROM_ProgramByte), (70 bytes).
    Removing stm32l1xx_flash.o(i.DATA_EEPROM_ProgramHalfWord), (96 bytes).
    Removing stm32l1xx_flash.o(i.FLASH_ErasePage), (68 bytes).
    Removing stm32l1xx_flash.o(i.FLASH_FastProgramWord), (34 bytes).
    Removing stm32l1xx_flash.o(i.FLASH_GetFlagStatus), (20 bytes).
    Removing stm32l1xx_flash.o(i.FLASH_ITConfig), (24 bytes).
    Removing stm32l1xx_flash.o(i.FLASH_Lock), (16 bytes).
    Removing stm32l1xx_flash.o(i.FLASH_OB_BORConfig), (56 bytes).
    Removing stm32l1xx_flash.o(i.FLASH_OB_GetBOR), (16 bytes).
    Removing stm32l1xx_flash.o(i.FLASH_OB_GetRDP), (20 bytes).
    Removing stm32l1xx_flash.o(i.FLASH_OB_GetUser), (16 bytes).
    Removing stm32l1xx_flash.o(i.FLASH_OB_GetWRP), (12 bytes).
    Removing stm32l1xx_flash.o(i.FLASH_OB_Launch), (16 bytes).
    Removing stm32l1xx_flash.o(i.FLASH_OB_Lock), (16 bytes).
    Removing stm32l1xx_flash.o(i.FLASH_OB_RDPConfig), (44 bytes).
    Removing stm32l1xx_flash.o(i.FLASH_OB_Unlock), (40 bytes).
    Removing stm32l1xx_flash.o(i.FLASH_OB_UserConfig), (60 bytes).
    Removing stm32l1xx_flash.o(i.FLASH_OB_WRPConfig), (84 bytes).
    Removing stm32l1xx_flash.o(i.FLASH_PrefetchBufferCmd), (28 bytes).
    Removing stm32l1xx_flash.o(i.FLASH_ReadAccess64Cmd), (28 bytes).
    Removing stm32l1xx_flash.o(i.FLASH_SLEEPPowerDownCmd), (28 bytes).
    Removing stm32l1xx_flash.o(i.FLASH_SetLatency), (20 bytes).
    Removing stm32l1xx_flash.o(i.FLASH_Unlock), (40 bytes).
    Removing stm32l1xx_exti.o(.rev16_text), (4 bytes).
    Removing stm32l1xx_exti.o(.revsh_text), (4 bytes).
    Removing stm32l1xx_exti.o(i.EXTI_ClearFlag), (12 bytes).
    Removing stm32l1xx_exti.o(i.EXTI_DeInit), (36 bytes).
    Removing stm32l1xx_exti.o(i.EXTI_GenerateSWInterrupt), (16 bytes).
    Removing stm32l1xx_exti.o(i.EXTI_GetFlagStatus), (20 bytes).
    Removing stm32l1xx_exti.o(i.EXTI_GetITStatus), (32 bytes).
    Removing stm32l1xx_exti.o(i.EXTI_StructInit), (14 bytes).
    Removing stm32l1xx_dma.o(.rev16_text), (4 bytes).
    Removing stm32l1xx_dma.o(.revsh_text), (4 bytes).
    Removing stm32l1xx_dma.o(i.DMA_ClearITPendingBit), (16 bytes).
    Removing stm32l1xx_dma.o(i.DMA_GetCurrDataCounter), (6 bytes).
    Removing stm32l1xx_dma.o(i.DMA_GetFlagStatus), (28 bytes).
    Removing stm32l1xx_dma.o(i.DMA_GetITStatus), (28 bytes).
    Removing stm32l1xx_dma.o(i.DMA_SetCurrDataCounter), (4 bytes).
    Removing stm32l1xx_dbgmcu.o(.rev16_text), (4 bytes).
    Removing stm32l1xx_dbgmcu.o(.revsh_text), (4 bytes).
    Removing stm32l1xx_dbgmcu.o(i.DBGMCU_APB1PeriphConfig), (24 bytes).
    Removing stm32l1xx_dbgmcu.o(i.DBGMCU_APB2PeriphConfig), (24 bytes).
    Removing stm32l1xx_dbgmcu.o(i.DBGMCU_GetDEVID), (16 bytes).
    Removing stm32l1xx_dbgmcu.o(i.DBGMCU_GetREVID), (12 bytes).
    Removing stm32l1xx_dac.o(.rev16_text), (4 bytes).
    Removing stm32l1xx_dac.o(.revsh_text), (4 bytes).
    Removing stm32l1xx_dac.o(i.DAC_ClearFlag), (12 bytes).
    Removing stm32l1xx_dac.o(i.DAC_ClearITPendingBit), (12 bytes).
    Removing stm32l1xx_dac.o(i.DAC_Cmd), (24 bytes).
    Removing stm32l1xx_dac.o(i.DAC_DMACmd), (24 bytes).
    Removing stm32l1xx_dac.o(i.DAC_DeInit), (24 bytes).
    Removing stm32l1xx_dac.o(i.DAC_DualSoftwareTriggerCmd), (28 bytes).
    Removing stm32l1xx_dac.o(i.DAC_GetDataOutputValue), (16 bytes).
    Removing stm32l1xx_dac.o(i.DAC_GetFlagStatus), (24 bytes).
    Removing stm32l1xx_dac.o(i.DAC_GetITStatus), (36 bytes).
    Removing stm32l1xx_dac.o(i.DAC_ITConfig), (24 bytes).
    Removing stm32l1xx_dac.o(i.DAC_Init), (40 bytes).
    Removing stm32l1xx_dac.o(i.DAC_SetChannel1Data), (12 bytes).
    Removing stm32l1xx_dac.o(i.DAC_SetChannel2Data), (12 bytes).
    Removing stm32l1xx_dac.o(i.DAC_SetDualChannelData), (28 bytes).
    Removing stm32l1xx_dac.o(i.DAC_SoftwareTriggerCmd), (28 bytes).
    Removing stm32l1xx_dac.o(i.DAC_StructInit), (12 bytes).
    Removing stm32l1xx_dac.o(i.DAC_WaveGenerationCmd), (24 bytes).
    Removing stm32l1xx_crc.o(.rev16_text), (4 bytes).
    Removing stm32l1xx_crc.o(.revsh_text), (4 bytes).
    Removing stm32l1xx_crc.o(i.CRC_CalcBlockCRC), (28 bytes).
    Removing stm32l1xx_crc.o(i.CRC_CalcCRC), (12 bytes).
    Removing stm32l1xx_crc.o(i.CRC_GetCRC), (12 bytes).
    Removing stm32l1xx_crc.o(i.CRC_GetIDRegister), (12 bytes).
    Removing stm32l1xx_crc.o(i.CRC_ResetDR), (12 bytes).
    Removing stm32l1xx_crc.o(i.CRC_SetIDRegister), (12 bytes).
    Removing stm32l1xx_comp.o(.rev16_text), (4 bytes).
    Removing stm32l1xx_comp.o(.revsh_text), (4 bytes).
    Removing stm32l1xx_comp.o(i.COMP_Cmd), (28 bytes).
    Removing stm32l1xx_comp.o(i.COMP_DeInit), (12 bytes).
    Removing stm32l1xx_comp.o(i.COMP_GetOutputLevel), (32 bytes).
    Removing stm32l1xx_comp.o(i.COMP_Init), (36 bytes).
    Removing stm32l1xx_comp.o(i.COMP_VrefintOutputCmd), (28 bytes).
    Removing stm32l1xx_comp.o(i.COMP_WindowCmd), (28 bytes).
    Removing stm32l1xx_adc.o(.rev16_text), (4 bytes).
    Removing stm32l1xx_adc.o(.revsh_text), (4 bytes).
    Removing stm32l1xx_adc.o(i.ADC_AnalogWatchdogCmd), (16 bytes).
    Removing stm32l1xx_adc.o(i.ADC_AnalogWatchdogSingleChannelConfig), (12 bytes).
    Removing stm32l1xx_adc.o(i.ADC_AnalogWatchdogThresholdsConfig), (6 bytes).
    Removing stm32l1xx_adc.o(i.ADC_AutoInjectedConvCmd), (20 bytes).
    Removing stm32l1xx_adc.o(i.ADC_ClearFlag), (6 bytes).
    Removing stm32l1xx_adc.o(i.ADC_ClearITPendingBit), (8 bytes).
    Removing stm32l1xx_adc.o(i.ADC_CommonStructInit), (6 bytes).
    Removing stm32l1xx_adc.o(i.ADC_ContinuousModeCmd), (20 bytes).
    Removing stm32l1xx_adc.o(i.ADC_DMARequestAfterLastTransferCmd), (20 bytes).
    Removing stm32l1xx_adc.o(i.ADC_DeInit), (24 bytes).
    Removing stm32l1xx_adc.o(i.ADC_DelaySelectionConfig), (12 bytes).
    Removing stm32l1xx_adc.o(i.ADC_DiscModeChannelCountConfig), (16 bytes).
    Removing stm32l1xx_adc.o(i.ADC_DiscModeCmd), (20 bytes).
    Removing stm32l1xx_adc.o(i.ADC_EOCOnEachRegularChannelCmd), (20 bytes).
    Removing stm32l1xx_adc.o(i.ADC_ExternalTrigInjectedConvConfig), (12 bytes).
    Removing stm32l1xx_adc.o(i.ADC_ExternalTrigInjectedConvEdgeConfig), (12 bytes).
    Removing stm32l1xx_adc.o(i.ADC_GetConversionValue), (6 bytes).
    Removing stm32l1xx_adc.o(i.ADC_GetITStatus), (28 bytes).
    Removing stm32l1xx_adc.o(i.ADC_GetInjectedConversionValue), (8 bytes).
    Removing stm32l1xx_adc.o(i.ADC_GetSoftwareStartConvStatus), (14 bytes).
    Removing stm32l1xx_adc.o(i.ADC_GetSoftwareStartInjectedConvCmdStatus), (14 bytes).
    Removing stm32l1xx_adc.o(i.ADC_ITConfig), (18 bytes).
    Removing stm32l1xx_adc.o(i.ADC_InjectedChannelConfig), (100 bytes).
    Removing stm32l1xx_adc.o(i.ADC_InjectedDiscModeCmd), (20 bytes).
    Removing stm32l1xx_adc.o(i.ADC_InjectedSequencerLengthConfig), (16 bytes).
    Removing stm32l1xx_adc.o(i.ADC_PowerDownCmd), (16 bytes).
    Removing stm32l1xx_adc.o(i.ADC_SetInjectedOffset), (4 bytes).
    Removing stm32l1xx_adc.o(i.ADC_SoftwareStartInjectedConv), (10 bytes).
    Removing misc.o(.rev16_text), (4 bytes).
    Removing misc.o(.revsh_text), (4 bytes).
    Removing misc.o(i.NVIC_PriorityGroupConfig), (20 bytes).
    Removing misc.o(i.NVIC_SetVectorTable), (20 bytes).
    Removing misc.o(i.NVIC_SystemLPConfig), (24 bytes).
    Removing misc.o(i.SysTick_CLKSourceConfig), (24 bytes).
    Removing stm32l1xx_wwdg.o(.rev16_text), (4 bytes).
    Removing stm32l1xx_wwdg.o(.revsh_text), (4 bytes).
    Removing stm32l1xx_wwdg.o(i.WWDG_ClearFlag), (12 bytes).
    Removing stm32l1xx_wwdg.o(i.WWDG_DeInit), (24 bytes).
    Removing stm32l1xx_wwdg.o(i.WWDG_Enable), (16 bytes).
    Removing stm32l1xx_wwdg.o(i.WWDG_EnableIT), (12 bytes).
    Removing stm32l1xx_wwdg.o(i.WWDG_GetFlagStatus), (20 bytes).
    Removing stm32l1xx_wwdg.o(i.WWDG_SetCounter), (16 bytes).
    Removing stm32l1xx_wwdg.o(i.WWDG_SetPrescaler), (20 bytes).
    Removing stm32l1xx_wwdg.o(i.WWDG_SetWindowValue), (24 bytes).
    Removing stm32l_discovery_lcd.o(.rev16_text), (4 bytes).
    Removing stm32l_discovery_lcd.o(.revsh_text), (4 bytes).
    Removing stm32l_discovery_lcd.o(i.LCD_GLASS_DisplayStrDeci), (68 bytes).
    Removing stm32l_discovery_lcd.o(i.LCD_contrast), (60 bytes).
    Removing main.o(.rev16_text), (4 bytes).
    Removing main.o(.revsh_text), (4 bytes).
    Removing main.o(i.clearADCDMA_TransferComplete), (12 bytes).
    Removing main.o(i.clearUserButtonFlag), (12 bytes).
    Removing main.o(.data), (4 bytes).
    Removing main.o(.data), (2 bytes).
    Removing main.o(.data), (4 bytes).
    Removing main.o(.data), (4 bytes).
    Removing main.o(.data), (2 bytes).
    Removing main.o(.data), (2 bytes).
    Removing main.o(.data), (2 bytes).
    Removing stm32l1xx_it.o(.rev16_text), (4 bytes).
    Removing stm32l1xx_it.o(.revsh_text), (4 bytes).
    Removing system_stm32l1xx.o(.rev16_text), (4 bytes).
    Removing system_stm32l1xx.o(.revsh_text), (4 bytes).
    Removing system_stm32l1xx.o(i.SystemCoreClockUpdate), (140 bytes).
    Removing system_stm32l1xx.o(.data), (29 bytes).
    Removing dadd.o(.text), (332 bytes).
    Removing dmul.o(.text), (224 bytes).
    Removing ddiv.o(.text), (222 bytes).
    Removing dfixul.o(.text), (48 bytes).
    Removing cdrcmple.o(.text), (40 bytes).
    Removing depilogue.o(.text), (190 bytes).

450 unused section(s) (total 12209 bytes) removed from the image.

==============================================================================

Image Symbol Table

    Local Symbols

    Symbol Name                              Value     Ov Type        Size  Object(Section)

    ../../microlib/division.c                0x00000000   Number         0  uidiv.o ABSOLUTE
    ../../microlib/division.c                0x00000000   Number         0  uldiv.o ABSOLUTE
    ../../microlib/fpadd.c                   0x00000000   Number         0  dadd.o ABSOLUTE
    ../../microlib/fpdiv.c                   0x00000000   Number         0  ddiv.o ABSOLUTE
    ../../microlib/fpepilogue.c              0x00000000   Number         0  depilogue.o ABSOLUTE
    ../../microlib/fpfix.c                   0x00000000   Number         0  dfixul.o ABSOLUTE
    ../../microlib/fpmul.c                   0x00000000   Number         0  dmul.o ABSOLUTE
    ../../microlib/init/entry.s              0x00000000   Number         0  entry7a.o ABSOLUTE
    ../../microlib/init/entry.s              0x00000000   Number         0  entry7b.o ABSOLUTE
    ../../microlib/init/entry.s              0x00000000   Number         0  entry.o ABSOLUTE
    ../../microlib/init/entry.s              0x00000000   Number         0  entry8.o ABSOLUTE
    ../../microlib/init/entry.s              0x00000000   Number         0  entry5.o ABSOLUTE
    ../../microlib/init/entry.s              0x00000000   Number         0  entry2.o ABSOLUTE
    ../../microlib/longlong.c                0x00000000   Number         0  llshl.o ABSOLUTE
    ../../microlib/longlong.c                0x00000000   Number         0  llushr.o ABSOLUTE
    ../../microlib/longlong.c                0x00000000   Number         0  llsshr.o ABSOLUTE
    ../../microlib/printf/printf.c           0x00000000   Number         0  printf3.o ABSOLUTE
    ../../microlib/printf/printf.c           0x00000000   Number         0  printf2.o ABSOLUTE
    ../../microlib/printf/printf.c           0x00000000   Number         0  printf5.o ABSOLUTE
    ../../microlib/printf/printf.c           0x00000000   Number         0  printf0.o ABSOLUTE
    ../../microlib/printf/printf.c           0x00000000   Number         0  printfb.o ABSOLUTE
    ../../microlib/printf/printf.c           0x00000000   Number         0  printf6.o ABSOLUTE
    ../../microlib/printf/printf.c           0x00000000   Number         0  printf7.o ABSOLUTE
    ../../microlib/printf/printf.c           0x00000000   Number         0  printf1.o ABSOLUTE
    ../../microlib/printf/printf.c           0x00000000   Number         0  printf4.o ABSOLUTE
    ../../microlib/printf/printf.c           0x00000000   Number         0  printfa.o ABSOLUTE
    ../../microlib/printf/printf.c           0x00000000   Number         0  printf8.o ABSOLUTE
    ../../microlib/printf/stubs.s            0x00000000   Number         0  stubs.o ABSOLUTE
    ../../microlib/stdio/fputc.c             0x00000000   Number         0  fputc.o ABSOLUTE
    ../../microlib/stdio/semi.s              0x00000000   Number         0  semi.o ABSOLUTE
    ../../microlib/stdio/streams.c           0x00000000   Number         0  stdout.o ABSOLUTE
    ../../microlib/stubs.s                   0x00000000   Number         0  iusefp.o ABSOLUTE
    ../../microlib/stubs.s                   0x00000000   Number         0  iusesemip.o ABSOLUTE
    ..\..\..\Libraries\CMSIS\CM3\CoreSupport\core_cm3.c 0x00000000   Number         0  core_cm3.o ABSOLUTE
    ..\..\..\Libraries\CMSIS\CM3\DeviceSupport\ST\STM32L1xx\startup\arm\startup_stm32l1xx_md.s 0x00000000   Number         0  startup_stm32l1xx_md.o ABSOLUTE
    ..\..\..\Libraries\STM32L1xx_StdPeriph_Driver\src\misc.c 0x00000000   Number         0  misc.o ABSOLUTE
    ..\..\..\Libraries\STM32L1xx_StdPeriph_Driver\src\stm32l1xx_adc.c 0x00000000   Number         0  stm32l1xx_adc.o ABSOLUTE
    ..\..\..\Libraries\STM32L1xx_StdPeriph_Driver\src\stm32l1xx_comp.c 0x00000000   Number         0  stm32l1xx_comp.o ABSOLUTE
    ..\..\..\Libraries\STM32L1xx_StdPeriph_Driver\src\stm32l1xx_crc.c 0x00000000   Number         0  stm32l1xx_crc.o ABSOLUTE
    ..\..\..\Libraries\STM32L1xx_StdPeriph_Driver\src\stm32l1xx_dac.c 0x00000000   Number         0  stm32l1xx_dac.o ABSOLUTE
    ..\..\..\Libraries\STM32L1xx_StdPeriph_Driver\src\stm32l1xx_dbgmcu.c 0x00000000   Number         0  stm32l1xx_dbgmcu.o ABSOLUTE
    ..\..\..\Libraries\STM32L1xx_StdPeriph_Driver\src\stm32l1xx_dma.c 0x00000000   Number         0  stm32l1xx_dma.o ABSOLUTE
    ..\..\..\Libraries\STM32L1xx_StdPeriph_Driver\src\stm32l1xx_exti.c 0x00000000   Number         0  stm32l1xx_exti.o ABSOLUTE
    ..\..\..\Libraries\STM32L1xx_StdPeriph_Driver\src\stm32l1xx_flash.c 0x00000000   Number         0  stm32l1xx_flash.o ABSOLUTE
    ..\..\..\Libraries\STM32L1xx_StdPeriph_Driver\src\stm32l1xx_gpio.c 0x00000000   Number         0  stm32l1xx_gpio.o ABSOLUTE
    ..\..\..\Libraries\STM32L1xx_StdPeriph_Driver\src\stm32l1xx_i2c.c 0x00000000   Number         0  stm32l1xx_i2c.o ABSOLUTE
    ..\..\..\Libraries\STM32L1xx_StdPeriph_Driver\src\stm32l1xx_iwdg.c 0x00000000   Number         0  stm32l1xx_iwdg.o ABSOLUTE
    ..\..\..\Libraries\STM32L1xx_StdPeriph_Driver\src\stm32l1xx_lcd.c 0x00000000   Number         0  stm32l1xx_lcd.o ABSOLUTE
    ..\..\..\Libraries\STM32L1xx_StdPeriph_Driver\src\stm32l1xx_pwr.c 0x00000000   Number         0  stm32l1xx_pwr.o ABSOLUTE
    ..\..\..\Libraries\STM32L1xx_StdPeriph_Driver\src\stm32l1xx_rcc.c 0x00000000   Number         0  stm32l1xx_rcc.o ABSOLUTE
    ..\..\..\Libraries\STM32L1xx_StdPeriph_Driver\src\stm32l1xx_rtc.c 0x00000000   Number         0  stm32l1xx_rtc.o ABSOLUTE
    ..\..\..\Libraries\STM32L1xx_StdPeriph_Driver\src\stm32l1xx_spi.c 0x00000000   Number         0  stm32l1xx_spi.o ABSOLUTE
    ..\..\..\Libraries\STM32L1xx_StdPeriph_Driver\src\stm32l1xx_syscfg.c 0x00000000   Number         0  stm32l1xx_syscfg.o ABSOLUTE
    ..\..\..\Libraries\STM32L1xx_StdPeriph_Driver\src\stm32l1xx_tim.c 0x00000000   Number         0  stm32l1xx_tim.o ABSOLUTE
    ..\..\..\Libraries\STM32L1xx_StdPeriph_Driver\src\stm32l1xx_usart.c 0x00000000   Number         0  stm32l1xx_usart.o ABSOLUTE
    ..\..\..\Libraries\STM32L1xx_StdPeriph_Driver\src\stm32l1xx_wwdg.c 0x00000000   Number         0  stm32l1xx_wwdg.o ABSOLUTE
    ..\..\..\Utilities\STM32L-DISCOVERY\stm32l_discovery_lcd.c 0x00000000   Number         0  stm32l_discovery_lcd.o ABSOLUTE
    ..\\..\\..\\Libraries\\CMSIS\\CM3\\CoreSupport\\core_cm3.c 0x00000000   Number         0  core_cm3.o ABSOLUTE
    ..\\..\\..\\Libraries\\STM32L1xx_StdPeriph_Driver\\src\\misc.c 0x00000000   Number         0  misc.o ABSOLUTE
    ..\\..\\..\\Libraries\\STM32L1xx_StdPeriph_Driver\\src\\stm32l1xx_adc.c 0x00000000   Number         0  stm32l1xx_adc.o ABSOLUTE
    ..\\..\\..\\Libraries\\STM32L1xx_StdPeriph_Driver\\src\\stm32l1xx_comp.c 0x00000000   Number         0  stm32l1xx_comp.o ABSOLUTE
    ..\\..\\..\\Libraries\\STM32L1xx_StdPeriph_Driver\\src\\stm32l1xx_crc.c 0x00000000   Number         0  stm32l1xx_crc.o ABSOLUTE
    ..\\..\\..\\Libraries\\STM32L1xx_StdPeriph_Driver\\src\\stm32l1xx_dac.c 0x00000000   Number         0  stm32l1xx_dac.o ABSOLUTE
    ..\\..\\..\\Libraries\\STM32L1xx_StdPeriph_Driver\\src\\stm32l1xx_dbgmcu.c 0x00000000   Number         0  stm32l1xx_dbgmcu.o ABSOLUTE
    ..\\..\\..\\Libraries\\STM32L1xx_StdPeriph_Driver\\src\\stm32l1xx_dma.c 0x00000000   Number         0  stm32l1xx_dma.o ABSOLUTE
    ..\\..\\..\\Libraries\\STM32L1xx_StdPeriph_Driver\\src\\stm32l1xx_exti.c 0x00000000   Number         0  stm32l1xx_exti.o ABSOLUTE
    ..\\..\\..\\Libraries\\STM32L1xx_StdPeriph_Driver\\src\\stm32l1xx_flash.c 0x00000000   Number         0  stm32l1xx_flash.o ABSOLUTE
    ..\\..\\..\\Libraries\\STM32L1xx_StdPeriph_Driver\\src\\stm32l1xx_gpio.c 0x00000000   Number         0  stm32l1xx_gpio.o ABSOLUTE
    ..\\..\\..\\Libraries\\STM32L1xx_StdPeriph_Driver\\src\\stm32l1xx_i2c.c 0x00000000   Number         0  stm32l1xx_i2c.o ABSOLUTE
    ..\\..\\..\\Libraries\\STM32L1xx_StdPeriph_Driver\\src\\stm32l1xx_iwdg.c 0x00000000   Number         0  stm32l1xx_iwdg.o ABSOLUTE
    ..\\..\\..\\Libraries\\STM32L1xx_StdPeriph_Driver\\src\\stm32l1xx_lcd.c 0x00000000   Number         0  stm32l1xx_lcd.o ABSOLUTE
    ..\\..\\..\\Libraries\\STM32L1xx_StdPeriph_Driver\\src\\stm32l1xx_pwr.c 0x00000000   Number         0  stm32l1xx_pwr.o ABSOLUTE
    ..\\..\\..\\Libraries\\STM32L1xx_StdPeriph_Driver\\src\\stm32l1xx_rcc.c 0x00000000   Number         0  stm32l1xx_rcc.o ABSOLUTE
    ..\\..\\..\\Libraries\\STM32L1xx_StdPeriph_Driver\\src\\stm32l1xx_rtc.c 0x00000000   Number         0  stm32l1xx_rtc.o ABSOLUTE
    ..\\..\\..\\Libraries\\STM32L1xx_StdPeriph_Driver\\src\\stm32l1xx_spi.c 0x00000000   Number         0  stm32l1xx_spi.o ABSOLUTE
    ..\\..\\..\\Libraries\\STM32L1xx_StdPeriph_Driver\\src\\stm32l1xx_syscfg.c 0x00000000   Number         0  stm32l1xx_syscfg.o ABSOLUTE
    ..\\..\\..\\Libraries\\STM32L1xx_StdPeriph_Driver\\src\\stm32l1xx_tim.c 0x00000000   Number         0  stm32l1xx_tim.o ABSOLUTE
    ..\\..\\..\\Libraries\\STM32L1xx_StdPeriph_Driver\\src\\stm32l1xx_usart.c 0x00000000   Number         0  stm32l1xx_usart.o ABSOLUTE
    ..\\..\\..\\Libraries\\STM32L1xx_StdPeriph_Driver\\src\\stm32l1xx_wwdg.c 0x00000000   Number         0  stm32l1xx_wwdg.o ABSOLUTE
    ..\\..\\..\\Utilities\\STM32L-DISCOVERY\\stm32l_discovery_lcd.c 0x00000000   Number         0  stm32l_discovery_lcd.o ABSOLUTE
    ..\\src\\main.c                          0x00000000   Number         0  main.o ABSOLUTE
    ..\\src\\stm32l1xx_it.c                  0x00000000   Number         0  stm32l1xx_it.o ABSOLUTE
    ..\\src\\system_stm32l1xx.c              0x00000000   Number         0  system_stm32l1xx.o ABSOLUTE
    ..\src\main.c                            0x00000000   Number         0  main.o ABSOLUTE
    ..\src\stm32l1xx_it.c                    0x00000000   Number         0  stm32l1xx_it.o ABSOLUTE
    ..\src\system_stm32l1xx.c                0x00000000   Number         0  system_stm32l1xx.o ABSOLUTE
    cdrcmple.s                               0x00000000   Number         0  cdrcmple.o ABSOLUTE
    dc.s                                     0x00000000   Number         0  dc.o ABSOLUTE
    handlers.s                               0x00000000   Number         0  handlers.o ABSOLUTE
    init.s                                   0x00000000   Number         0  init.o ABSOLUTE
    RESET                                    0x08000000   Section      244  startup_stm32l1xx_md.o(RESET)
    .ARM.Collect$$$$00000000                 0x080000f4   Section        0  entry.o(.ARM.Collect$$$$00000000)
    .ARM.Collect$$$$00000001                 0x080000f4   Section        4  entry2.o(.ARM.Collect$$$$00000001)
    .ARM.Collect$$$$00000004                 0x080000f8   Section        4  entry5.o(.ARM.Collect$$$$00000004)
    .ARM.Collect$$$$00000008                 0x080000fc   Section        0  entry7b.o(.ARM.Collect$$$$00000008)
    .ARM.Collect$$$$00000009                 0x080000fc   Section        8  entry8.o(.ARM.Collect$$$$00000009)
    .ARM.Collect$$$$00002712                 0x08000104   Section        4  entry2.o(.ARM.Collect$$$$00002712)
    __lit__00000000                          0x08000104   Data           4  entry2.o(.ARM.Collect$$$$00002712)
    .text                                    0x08000108   Section       36  startup_stm32l1xx_md.o(.text)
    .text                                    0x0800012c   Section        0  uidiv.o(.text)
    .text                                    0x08000158   Section       36  init.o(.text)
    i.ADC_Cmd                                0x0800017c   Section        0  stm32l1xx_adc.o(i.ADC_Cmd)
    i.ADC_CommonInit                         0x08000190   Section        0  stm32l1xx_adc.o(i.ADC_CommonInit)
    i.ADC_DMACmd                             0x080001a4   Section        0  stm32l1xx_adc.o(i.ADC_DMACmd)
    i.ADC_GetFlagStatus                      0x080001b8   Section        0  stm32l1xx_adc.o(i.ADC_GetFlagStatus)
    i.ADC_Init                               0x080001c8   Section        0  stm32l1xx_adc.o(i.ADC_Init)
    i.ADC_RegularChannelConfig               0x08000214   Section        0  stm32l1xx_adc.o(i.ADC_RegularChannelConfig)
    i.ADC_SoftwareStartConv                  0x080002d2   Section        0  stm32l1xx_adc.o(i.ADC_SoftwareStartConv)
    i.ADC_StructInit                         0x080002dc   Section        0  stm32l1xx_adc.o(i.ADC_StructInit)
    i.ADC_TempSensorVrefintCmd               0x080002f4   Section        0  stm32l1xx_adc.o(i.ADC_TempSensorVrefintCmd)
    i.BusFault_Handler                       0x08000310   Section        0  stm32l1xx_it.o(i.BusFault_Handler)
    i.DATA_EEPROM_ProgramWord                0x08000312   Section        0  stm32l1xx_flash.o(i.DATA_EEPROM_ProgramWord)
    i.DATA_EEPROM_Unlock                     0x08000334   Section        0  stm32l1xx_flash.o(i.DATA_EEPROM_Unlock)
    i.DBGMCU_Config                          0x08000358   Section        0  stm32l1xx_dbgmcu.o(i.DBGMCU_Config)
    i.DMA1_Channel1_IRQHandler               0x08000370   Section        0  stm32l1xx_it.o(i.DMA1_Channel1_IRQHandler)
    i.DMA_ClearFlag                          0x08000380   Section        0  stm32l1xx_dma.o(i.DMA_ClearFlag)
    i.DMA_Cmd                                0x08000390   Section        0  stm32l1xx_dma.o(i.DMA_Cmd)
    i.DMA_DeInit                             0x080003a8   Section        0  stm32l1xx_dma.o(i.DMA_DeInit)
    i.DMA_ITConfig                           0x08000434   Section        0  stm32l1xx_dma.o(i.DMA_ITConfig)
    i.DMA_Init                               0x08000444   Section        0  stm32l1xx_dma.o(i.DMA_Init)
    i.DMA_StructInit                         0x0800047e   Section        0  stm32l1xx_dma.o(i.DMA_StructInit)
    i.DebugMon_Handler                       0x08000498   Section        0  stm32l1xx_it.o(i.DebugMon_Handler)
    i.Delay                                  0x0800049c   Section        0  main.o(i.Delay)
    i.EXTI0_IRQHandler                       0x080004ac   Section        0  stm32l1xx_it.o(i.EXTI0_IRQHandler)
    i.EXTI_ClearITPendingBit                 0x080004bc   Section        0  stm32l1xx_exti.o(i.EXTI_ClearITPendingBit)
    i.EXTI_Init                              0x080004c8   Section        0  stm32l1xx_exti.o(i.EXTI_Init)
    i.FLASH_ClearFlag                        0x08000538   Section        0  stm32l1xx_flash.o(i.FLASH_ClearFlag)
    i.FLASH_GetStatus                        0x08000544   Section        0  stm32l1xx_flash.o(i.FLASH_GetStatus)
    i.FLASH_WaitForLastOperation             0x08000570   Section        0  stm32l1xx_flash.o(i.FLASH_WaitForLastOperation)
    i.GPIO_Init                              0x08000594   Section        0  stm32l1xx_gpio.o(i.GPIO_Init)
    i.GPIO_PinAFConfig                       0x0800060e   Section        0  stm32l1xx_gpio.o(i.GPIO_PinAFConfig)
    i.GPIO_StructInit                        0x0800062e   Section        0  stm32l1xx_gpio.o(i.GPIO_StructInit)
    i.HardFault_Handler                      0x08000640   Section        0  stm32l1xx_it.o(i.HardFault_Handler)
    i.Init_GPIOs                             0x08000644   Section        0  main.o(i.Init_GPIOs)
    i.LCD_BlinkConfig                        0x080006e4   Section        0  stm32l1xx_lcd.o(i.LCD_BlinkConfig)
    i.LCD_Cmd                                0x080006fc   Section        0  stm32l1xx_lcd.o(i.LCD_Cmd)
    i.LCD_ContrastConfig                     0x08000708   Section        0  stm32l1xx_lcd.o(i.LCD_ContrastConfig)
    i.LCD_Conv_Char_Seg                      0x08000720   Section        0  stm32l_discovery_lcd.o(i.LCD_Conv_Char_Seg)
    LCD_Conv_Char_Seg                        0x08000721   Thumb Code   242  stm32l_discovery_lcd.o(i.LCD_Conv_Char_Seg)
    i.LCD_DeadTimeConfig                     0x08000818   Section        0  stm32l1xx_lcd.o(i.LCD_DeadTimeConfig)
    i.LCD_GLASS_Clear                        0x08000830   Section        0  stm32l_discovery_lcd.o(i.LCD_GLASS_Clear)
    i.LCD_GLASS_Configure_GPIO               0x08000858   Section        0  stm32l_discovery_lcd.o(i.LCD_GLASS_Configure_GPIO)
    i.LCD_GLASS_DisplayString                0x080009d4   Section        0  stm32l_discovery_lcd.o(i.LCD_GLASS_DisplayString)
    i.LCD_GLASS_Init                         0x080009fa   Section        0  stm32l_discovery_lcd.o(i.LCD_GLASS_Init)
    i.LCD_GLASS_ScrollSentence               0x08000a64   Section        0  stm32l_discovery_lcd.o(i.LCD_GLASS_ScrollSentence)
    i.LCD_GLASS_WriteChar                    0x08000b2c   Section        0  stm32l_discovery_lcd.o(i.LCD_GLASS_WriteChar)
    i.LCD_GetFlagStatus                      0x08000e9c   Section        0  stm32l1xx_lcd.o(i.LCD_GetFlagStatus)
    i.LCD_Init                               0x08000eb0   Section        0  stm32l1xx_lcd.o(i.LCD_Init)
    i.LCD_MuxSegmentCmd                      0x08000ef0   Section        0  stm32l1xx_lcd.o(i.LCD_MuxSegmentCmd)
    i.LCD_PulseOnDurationConfig              0x08000efc   Section        0  stm32l1xx_lcd.o(i.LCD_PulseOnDurationConfig)
    i.LCD_UpdateDisplayRequest               0x08000f14   Section        0  stm32l1xx_lcd.o(i.LCD_UpdateDisplayRequest)
    i.LCD_WaitForSynchro                     0x08000f20   Section        0  stm32l1xx_lcd.o(i.LCD_WaitForSynchro)
    i.LCD_bar                                0x08000f30   Section        0  stm32l_discovery_lcd.o(i.LCD_bar)
    i.MemManage_Handler                      0x08000f68   Section        0  stm32l1xx_it.o(i.MemManage_Handler)
    i.NMI_Handler                            0x08000f6a   Section        0  stm32l1xx_it.o(i.NMI_Handler)
    i.NVIC_Init                              0x08000f6c   Section        0  misc.o(i.NVIC_Init)
    i.PWR_EnterSTOPMode                      0x08000fd0   Section        0  stm32l1xx_pwr.o(i.PWR_EnterSTOPMode)
    i.PWR_GetFlagStatus                      0x08001004   Section        0  stm32l1xx_pwr.o(i.PWR_GetFlagStatus)
    i.PWR_RTCAccessCmd                       0x08001018   Section        0  stm32l1xx_pwr.o(i.PWR_RTCAccessCmd)
    i.PWR_VoltageScalingConfig               0x08001024   Section        0  stm32l1xx_pwr.o(i.PWR_VoltageScalingConfig)
    i.PendSV_Handler                         0x0800103c   Section        0  stm32l1xx_it.o(i.PendSV_Handler)
    i.RCC_AHBPeriphClockCmd                  0x08001040   Section        0  stm32l1xx_rcc.o(i.RCC_AHBPeriphClockCmd)
    i.RCC_APB1PeriphClockCmd                 0x08001058   Section        0  stm32l1xx_rcc.o(i.RCC_APB1PeriphClockCmd)
    i.RCC_APB2PeriphClockCmd                 0x08001070   Section        0  stm32l1xx_rcc.o(i.RCC_APB2PeriphClockCmd)
    i.RCC_Configuration                      0x08001088   Section        0  main.o(i.RCC_Configuration)
    i.RCC_GetClocksFreq                      0x080010d4   Section        0  stm32l1xx_rcc.o(i.RCC_GetClocksFreq)
    i.RCC_GetFlagStatus                      0x0800117c   Section        0  stm32l1xx_rcc.o(i.RCC_GetFlagStatus)
    i.RCC_HSEConfig                          0x080011a4   Section        0  stm32l1xx_rcc.o(i.RCC_HSEConfig)
    i.RCC_HSICmd                             0x080011b4   Section        0  stm32l1xx_rcc.o(i.RCC_HSICmd)
    i.RCC_LSEConfig                          0x080011c0   Section        0  stm32l1xx_rcc.o(i.RCC_LSEConfig)
    i.RCC_MSIRangeConfig                     0x080011d0   Section        0  stm32l1xx_rcc.o(i.RCC_MSIRangeConfig)
    i.RCC_RTCCLKCmd                          0x080011e4   Section        0  stm32l1xx_rcc.o(i.RCC_RTCCLKCmd)
    i.RCC_RTCCLKConfig                       0x080011f0   Section        0  stm32l1xx_rcc.o(i.RCC_RTCCLKConfig)
    i.RCC_RTCResetCmd                        0x08001224   Section        0  stm32l1xx_rcc.o(i.RCC_RTCResetCmd)
    i.RCC_SYSCLKConfig                       0x08001230   Section        0  stm32l1xx_rcc.o(i.RCC_SYSCLKConfig)
    i.RTC_ClearITPendingBit                  0x08001244   Section        0  stm32l1xx_rtc.o(i.RTC_ClearITPendingBit)
    i.RTC_Configuration                      0x08001260   Section        0  main.o(i.RTC_Configuration)
    i.RTC_GetITStatus                        0x08001298   Section        0  stm32l1xx_rtc.o(i.RTC_GetITStatus)
    i.RTC_ITConfig                           0x080012d0   Section        0  stm32l1xx_rtc.o(i.RTC_ITConfig)
    i.RTC_SetWakeUpCounter                   0x08001310   Section        0  stm32l1xx_rtc.o(i.RTC_SetWakeUpCounter)
    i.RTC_WKUP_IRQHandler                    0x0800132c   Section        0  stm32l1xx_it.o(i.RTC_WKUP_IRQHandler)
    i.RTC_WaitForSynchro                     0x08001350   Section        0  stm32l1xx_rtc.o(i.RTC_WaitForSynchro)
    i.RTC_WakeUpClockConfig                  0x08001394   Section        0  stm32l1xx_rtc.o(i.RTC_WakeUpClockConfig)
    i.RTC_WakeUpCmd                          0x080013bc   Section        0  stm32l1xx_rtc.o(i.RTC_WakeUpCmd)
    i.SVC_Handler                            0x08001410   Section        0  stm32l1xx_it.o(i.SVC_Handler)
    i.SYSCFG_EXTILineConfig                  0x08001414   Section        0  stm32l1xx_syscfg.o(i.SYSCFG_EXTILineConfig)
    i.SetSysClock                            0x0800143c   Section        0  system_stm32l1xx.o(i.SetSysClock)
    SetSysClock                              0x0800143d   Thumb Code   118  system_stm32l1xx.o(i.SetSysClock)
    i.SysTick_Handler                        0x080014c0   Section        0  stm32l1xx_it.o(i.SysTick_Handler)
    i.SystemInit                             0x080014c4   Section        0  system_stm32l1xx.o(i.SystemInit)
    i.TimingDelay_Decrement                  0x08001518   Section        0  main.o(i.TimingDelay_Decrement)
    i.UsageFault_Handler                     0x0800152c   Section        0  stm32l1xx_it.o(i.UsageFault_Handler)
    i.__0sprintf$1                           0x08001530   Section        0  printf1.o(i.__0sprintf$1)
    i.__scatterload_copy                     0x08001558   Section       14  handlers.o(i.__scatterload_copy)
    i.__scatterload_null                     0x08001566   Section        2  handlers.o(i.__scatterload_null)
    i.__scatterload_zeroinit                 0x08001568   Section       14  handlers.o(i.__scatterload_zeroinit)
    i._printf_core                           0x08001578   Section        0  printf1.o(i._printf_core)
    _printf_core                             0x08001579   Thumb Code   332  printf1.o(i._printf_core)
    i._sputc                                 0x080016c8   Section        0  printf1.o(i._sputc)
    _sputc                                   0x080016c9   Thumb Code    10  printf1.o(i._sputc)
    i.acquireTemperatureData                 0x080016d4   Section        0  main.o(i.acquireTemperatureData)
    i.conf_analog_all_GPIOS                  0x08001750   Section        0  main.o(i.conf_analog_all_GPIOS)
    i.configureADC_Temp                      0x080017c8   Section        0  main.o(i.configureADC_Temp)
    i.configureDMA                           0x08001874   Section        0  main.o(i.configureDMA)
    i.configureWakeup                        0x080018f0   Section        0  main.o(i.configureWakeup)
    i.insertionSort                          0x08001994   Section        0  main.o(i.insertionSort)
    i.interquartileMean                      0x080019c4   Section        0  main.o(i.interquartileMean)
    i.main                                   0x080019e8   Section        0  main.o(i.main)
    i.powerDownADC_Temper                    0x08001b5c   Section        0  main.o(i.powerDownADC_Temper)
    i.processTempData                        0x08001b90   Section        0  main.o(i.processTempData)
    i.setADCDMA_TransferComplete             0x08001be4   Section        0  main.o(i.setADCDMA_TransferComplete)
    i.setUserButtonFlag                      0x08001bf0   Section        0  main.o(i.setUserButtonFlag)
    i.testFactoryCalibData                   0x08001bfc   Section        0  main.o(i.testFactoryCalibData)
    i.testUserCalibData                      0x08001c14   Section        0  main.o(i.testUserCalibData)
    i.writeCalibData                         0x08001c2c   Section        0  main.o(i.writeCalibData)
    .constdata                               0x08001c6c   Section       72  stm32l_discovery_lcd.o(.constdata)
    .data                                    0x20000000   Section       25  stm32l1xx_rcc.o(.data)
    PLLMulTable                              0x20000000   Data           9  stm32l1xx_rcc.o(.data)
    APBAHBPrescTable                         0x20000009   Data          16  stm32l1xx_rcc.o(.data)
    .data                                    0x20000019   Section        3  stm32l_discovery_lcd.o(.data)
    .data                                    0x2000001c   Section       36  main.o(.data)
    TimingDelay                              0x20000034   Data           4  main.o(.data)
    .bss                                     0x20000040   Section      144  main.o(.bss)
    STACK                                    0x200000d0   Section     1024  startup_stm32l1xx_md.o(STACK)

    Global Symbols

    Symbol Name                              Value     Ov Type        Size  Object(Section)

    BuildAttributes$$THM_ISAv4$P$D$K$B$S$PE$A:L22UL41UL21$X:L11$S22US41US21$IEEE1$IW$USESV6$~STKCKD$USESV7$~SHL$OSPACE$ROPI$EBA8$MICROLIB$REQ8$PRES8$EABIv2 0x00000000   Number         0  anon$$obj.o ABSOLUTE
    __ARM_use_no_argv                        0x00000000   Number         0  main.o ABSOLUTE
    _printf_a                                0x00000000   Number         0  stubs.o ABSOLUTE
    _printf_c                                0x00000000   Number         0  stubs.o ABSOLUTE
    _printf_charcount                        0x00000000   Number         0  stubs.o ABSOLUTE
    _printf_d                                0x00000000   Number         0  stubs.o ABSOLUTE
    _printf_e                                0x00000000   Number         0  stubs.o ABSOLUTE
    _printf_f                                0x00000000   Number         0  stubs.o ABSOLUTE
    _printf_flags                            0x00000000   Number         0  stubs.o ABSOLUTE
    _printf_fp_dec                           0x00000000   Number         0  stubs.o ABSOLUTE
    _printf_fp_hex                           0x00000000   Number         0  stubs.o ABSOLUTE
    _printf_g                                0x00000000   Number         0  stubs.o ABSOLUTE
    _printf_i                                0x00000000   Number         0  stubs.o ABSOLUTE
    _printf_int_dec                          0x00000000   Number         0  stubs.o ABSOLUTE
    _printf_l                                0x00000000   Number         0  stubs.o ABSOLUTE
    _printf_lc                               0x00000000   Number         0  stubs.o ABSOLUTE
    _printf_ll                               0x00000000   Number         0  stubs.o ABSOLUTE
    _printf_lld                              0x00000000   Number         0  stubs.o ABSOLUTE
    _printf_lli                              0x00000000   Number         0  stubs.o ABSOLUTE
    _printf_llo                              0x00000000   Number         0  stubs.o ABSOLUTE
    _printf_llu                              0x00000000   Number         0  stubs.o ABSOLUTE
    _printf_llx                              0x00000000   Number         0  stubs.o ABSOLUTE
    _printf_longlong_dec                     0x00000000   Number         0  stubs.o ABSOLUTE
    _printf_longlong_hex                     0x00000000   Number         0  stubs.o ABSOLUTE
    _printf_longlong_oct                     0x00000000   Number         0  stubs.o ABSOLUTE
    _printf_ls                               0x00000000   Number         0  stubs.o ABSOLUTE
    _printf_mbtowc                           0x00000000   Number         0  stubs.o ABSOLUTE
    _printf_n                                0x00000000   Number         0  stubs.o ABSOLUTE
    _printf_o                                0x00000000   Number         0  stubs.o ABSOLUTE
    _printf_p                                0x00000000   Number         0  stubs.o ABSOLUTE
    _printf_percent                          0x00000000   Number         0  stubs.o ABSOLUTE
    _printf_pre_padding                      0x00000000   Number         0  stubs.o ABSOLUTE
    _printf_return_value                     0x00000000   Number         0  stubs.o ABSOLUTE
    _printf_s                                0x00000000   Number         0  stubs.o ABSOLUTE
    _printf_sizespec                         0x00000000   Number         0  stubs.o ABSOLUTE
    _printf_str                              0x00000000   Number         0  stubs.o ABSOLUTE
    _printf_truncate_signed                  0x00000000   Number         0  stubs.o ABSOLUTE
    _printf_truncate_unsigned                0x00000000   Number         0  stubs.o ABSOLUTE
    _printf_u                                0x00000000   Number         0  stubs.o ABSOLUTE
    _printf_wc                               0x00000000   Number         0  stubs.o ABSOLUTE
    _printf_wctomb                           0x00000000   Number         0  stubs.o ABSOLUTE
    _printf_widthprec                        0x00000000   Number         0  stubs.o ABSOLUTE
    _printf_x                                0x00000000   Number         0  stubs.o ABSOLUTE
    __decompress                              - Undefined Weak Reference
    _clock_init                               - Undefined Weak Reference
    __Vectors_Size                           0x000000f4   Number         0  startup_stm32l1xx_md.o ABSOLUTE
    __Vectors                                0x08000000   Data           4  startup_stm32l1xx_md.o(RESET)
    __Vectors_End                            0x080000f4   Data           0  startup_stm32l1xx_md.o(RESET)
    __main                                   0x080000f5   Thumb Code     0  entry.o(.ARM.Collect$$$$00000000)
    _main_stk                                0x080000f5   Thumb Code     0  entry2.o(.ARM.Collect$$$$00000001)
    _main_scatterload                        0x080000f9   Thumb Code     0  entry5.o(.ARM.Collect$$$$00000004)
    __main_after_scatterload                 0x080000fd   Thumb Code     0  entry5.o(.ARM.Collect$$$$00000004)
    _main_clock                              0x080000fd   Thumb Code     0  entry7b.o(.ARM.Collect$$$$00000008)
    _main_init                               0x080000fd   Thumb Code     0  entry8.o(.ARM.Collect$$$$00000009)
    Reset_Handler                            0x08000109   Thumb Code     8  startup_stm32l1xx_md.o(.text)
    ADC1_IRQHandler                          0x08000123   Thumb Code     0  startup_stm32l1xx_md.o(.text)
    COMP_IRQHandler                          0x08000123   Thumb Code     0  startup_stm32l1xx_md.o(.text)
    DAC_IRQHandler                           0x08000123   Thumb Code     0  startup_stm32l1xx_md.o(.text)
    DMA1_Channel2_IRQHandler                 0x08000123   Thumb Code     0  startup_stm32l1xx_md.o(.text)
    DMA1_Channel3_IRQHandler                 0x08000123   Thumb Code     0  startup_stm32l1xx_md.o(.text)
    DMA1_Channel4_IRQHandler                 0x08000123   Thumb Code     0  startup_stm32l1xx_md.o(.text)
    DMA1_Channel5_IRQHandler                 0x08000123   Thumb Code     0  startup_stm32l1xx_md.o(.text)
    DMA1_Channel6_IRQHandler                 0x08000123   Thumb Code     0  startup_stm32l1xx_md.o(.text)
    DMA1_Channel7_IRQHandler                 0x08000123   Thumb Code     0  startup_stm32l1xx_md.o(.text)
    EXTI15_10_IRQHandler                     0x08000123   Thumb Code     0  startup_stm32l1xx_md.o(.text)
    EXTI1_IRQHandler                         0x08000123   Thumb Code     0  startup_stm32l1xx_md.o(.text)
    EXTI2_IRQHandler                         0x08000123   Thumb Code     0  startup_stm32l1xx_md.o(.text)
    EXTI3_IRQHandler                         0x08000123   Thumb Code     0  startup_stm32l1xx_md.o(.text)
    EXTI4_IRQHandler                         0x08000123   Thumb Code     0  startup_stm32l1xx_md.o(.text)
    EXTI9_5_IRQHandler                       0x08000123   Thumb Code     0  startup_stm32l1xx_md.o(.text)
    FLASH_IRQHandler                         0x08000123   Thumb Code     0  startup_stm32l1xx_md.o(.text)
    I2C1_ER_IRQHandler                       0x08000123   Thumb Code     0  startup_stm32l1xx_md.o(.text)
    I2C1_EV_IRQHandler                       0x08000123   Thumb Code     0  startup_stm32l1xx_md.o(.text)
    I2C2_ER_IRQHandler                       0x08000123   Thumb Code     0  startup_stm32l1xx_md.o(.text)
    I2C2_EV_IRQHandler                       0x08000123   Thumb Code     0  startup_stm32l1xx_md.o(.text)
    LCD_IRQHandler                           0x08000123   Thumb Code     0  startup_stm32l1xx_md.o(.text)
    PVD_IRQHandler                           0x08000123   Thumb Code     0  startup_stm32l1xx_md.o(.text)
    RCC_IRQHandler                           0x08000123   Thumb Code     0  startup_stm32l1xx_md.o(.text)
    RTC_Alarm_IRQHandler                     0x08000123   Thumb Code     0  startup_stm32l1xx_md.o(.text)
    SPI1_IRQHandler                          0x08000123   Thumb Code     0  startup_stm32l1xx_md.o(.text)
    SPI2_IRQHandler                          0x08000123   Thumb Code     0  startup_stm32l1xx_md.o(.text)
    TAMPER_STAMP_IRQHandler                  0x08000123   Thumb Code     0  startup_stm32l1xx_md.o(.text)
    TIM10_IRQHandler                         0x08000123   Thumb Code     0  startup_stm32l1xx_md.o(.text)
    TIM11_IRQHandler                         0x08000123   Thumb Code     0  startup_stm32l1xx_md.o(.text)
    TIM2_IRQHandler                          0x08000123   Thumb Code     0  startup_stm32l1xx_md.o(.text)
    TIM3_IRQHandler                          0x08000123   Thumb Code     0  startup_stm32l1xx_md.o(.text)
    TIM4_IRQHandler                          0x08000123   Thumb Code     0  startup_stm32l1xx_md.o(.text)
    TIM6_IRQHandler                          0x08000123   Thumb Code     0  startup_stm32l1xx_md.o(.text)
    TIM7_IRQHandler                          0x08000123   Thumb Code     0  startup_stm32l1xx_md.o(.text)
    TIM9_IRQHandler                          0x08000123   Thumb Code     0  startup_stm32l1xx_md.o(.text)
    USART1_IRQHandler                        0x08000123   Thumb Code     0  startup_stm32l1xx_md.o(.text)
    USART2_IRQHandler                        0x08000123   Thumb Code     0  startup_stm32l1xx_md.o(.text)
    USART3_IRQHandler                        0x08000123   Thumb Code     0  startup_stm32l1xx_md.o(.text)
    USB_FS_WKUP_IRQHandler                   0x08000123   Thumb Code     0  startup_stm32l1xx_md.o(.text)
    USB_HP_IRQHandler                        0x08000123   Thumb Code     0  startup_stm32l1xx_md.o(.text)
    USB_LP_IRQHandler                        0x08000123   Thumb Code     0  startup_stm32l1xx_md.o(.text)
    WWDG_IRQHandler                          0x08000123   Thumb Code     0  startup_stm32l1xx_md.o(.text)
    __aeabi_uidiv                            0x0800012d   Thumb Code     0  uidiv.o(.text)
    __aeabi_uidivmod                         0x0800012d   Thumb Code    44  uidiv.o(.text)
    __scatterload                            0x08000159   Thumb Code    28  init.o(.text)
    __scatterload_rt2                        0x08000159   Thumb Code     0  init.o(.text)
    ADC_Cmd                                  0x0800017d   Thumb Code    20  stm32l1xx_adc.o(i.ADC_Cmd)
    ADC_CommonInit                           0x08000191   Thumb Code    16  stm32l1xx_adc.o(i.ADC_CommonInit)
    ADC_DMACmd                               0x080001a5   Thumb Code    20  stm32l1xx_adc.o(i.ADC_DMACmd)
    ADC_GetFlagStatus                        0x080001b9   Thumb Code    14  stm32l1xx_adc.o(i.ADC_GetFlagStatus)
    ADC_Init                                 0x080001c9   Thumb Code    66  stm32l1xx_adc.o(i.ADC_Init)
    ADC_RegularChannelConfig                 0x08000215   Thumb Code   190  stm32l1xx_adc.o(i.ADC_RegularChannelConfig)
    ADC_SoftwareStartConv                    0x080002d3   Thumb Code    10  stm32l1xx_adc.o(i.ADC_SoftwareStartConv)
    ADC_StructInit                           0x080002dd   Thumb Code    24  stm32l1xx_adc.o(i.ADC_StructInit)
    ADC_TempSensorVrefintCmd                 0x080002f5   Thumb Code    22  stm32l1xx_adc.o(i.ADC_TempSensorVrefintCmd)
    BusFault_Handler                         0x08000311   Thumb Code     2  stm32l1xx_it.o(i.BusFault_Handler)
    DATA_EEPROM_ProgramWord                  0x08000313   Thumb Code    34  stm32l1xx_flash.o(i.DATA_EEPROM_ProgramWord)
    DATA_EEPROM_Unlock                       0x08000335   Thumb Code    22  stm32l1xx_flash.o(i.DATA_EEPROM_Unlock)
    DBGMCU_Config                            0x08000359   Thumb Code    18  stm32l1xx_dbgmcu.o(i.DBGMCU_Config)
    DMA1_Channel1_IRQHandler                 0x08000371   Thumb Code    16  stm32l1xx_it.o(i.DMA1_Channel1_IRQHandler)
    DMA_ClearFlag                            0x08000381   Thumb Code    10  stm32l1xx_dma.o(i.DMA_ClearFlag)
    DMA_Cmd                                  0x08000391   Thumb Code    22  stm32l1xx_dma.o(i.DMA_Cmd)
    DMA_DeInit                               0x080003a9   Thumb Code   136  stm32l1xx_dma.o(i.DMA_DeInit)
    DMA_ITConfig                             0x08000435   Thumb Code    16  stm32l1xx_dma.o(i.DMA_ITConfig)
    DMA_Init                                 0x08000445   Thumb Code    58  stm32l1xx_dma.o(i.DMA_Init)
    DMA_StructInit                           0x0800047f   Thumb Code    26  stm32l1xx_dma.o(i.DMA_StructInit)
    DebugMon_Handler                         0x08000499   Thumb Code     2  stm32l1xx_it.o(i.DebugMon_Handler)
    Delay                                    0x0800049d   Thumb Code    12  main.o(i.Delay)
    EXTI0_IRQHandler                         0x080004ad   Thumb Code    16  stm32l1xx_it.o(i.EXTI0_IRQHandler)
    EXTI_ClearITPendingBit                   0x080004bd   Thumb Code     6  stm32l1xx_exti.o(i.EXTI_ClearITPendingBit)
    EXTI_Init                                0x080004c9   Thumb Code   108  stm32l1xx_exti.o(i.EXTI_Init)
    FLASH_ClearFlag                          0x08000539   Thumb Code     6  stm32l1xx_flash.o(i.FLASH_ClearFlag)
    FLASH_GetStatus                          0x08000545   Thumb Code    38  stm32l1xx_flash.o(i.FLASH_GetStatus)
    FLASH_WaitForLastOperation               0x08000571   Thumb Code    36  stm32l1xx_flash.o(i.FLASH_WaitForLastOperation)
    GPIO_Init                                0x08000595   Thumb Code   122  stm32l1xx_gpio.o(i.GPIO_Init)
    GPIO_PinAFConfig                         0x0800060f   Thumb Code    32  stm32l1xx_gpio.o(i.GPIO_PinAFConfig)
    GPIO_StructInit                          0x0800062f   Thumb Code    18  stm32l1xx_gpio.o(i.GPIO_StructInit)
    HardFault_Handler                        0x08000641   Thumb Code     2  stm32l1xx_it.o(i.HardFault_Handler)
    Init_GPIOs                               0x08000645   Thumb Code   152  main.o(i.Init_GPIOs)
    LCD_BlinkConfig                          0x080006e5   Thumb Code    20  stm32l1xx_lcd.o(i.LCD_BlinkConfig)
    LCD_Cmd                                  0x080006fd   Thumb Code     6  stm32l1xx_lcd.o(i.LCD_Cmd)
    LCD_ContrastConfig                       0x08000709   Thumb Code    18  stm32l1xx_lcd.o(i.LCD_ContrastConfig)
    LCD_DeadTimeConfig                       0x08000819   Thumb Code    18  stm32l1xx_lcd.o(i.LCD_DeadTimeConfig)
    LCD_GLASS_Clear                          0x08000831   Thumb Code    36  stm32l_discovery_lcd.o(i.LCD_GLASS_Clear)
    LCD_GLASS_Configure_GPIO                 0x08000859   Thumb Code   368  stm32l_discovery_lcd.o(i.LCD_GLASS_Configure_GPIO)
    LCD_GLASS_DisplayString                  0x080009d5   Thumb Code    38  stm32l_discovery_lcd.o(i.LCD_GLASS_DisplayString)
    LCD_GLASS_Init                           0x080009fb   Thumb Code   104  stm32l_discovery_lcd.o(i.LCD_GLASS_Init)
    LCD_GLASS_ScrollSentence                 0x08000a65   Thumb Code   194  stm32l_discovery_lcd.o(i.LCD_GLASS_ScrollSentence)
    LCD_GLASS_WriteChar                      0x08000b2d   Thumb Code   864  stm32l_discovery_lcd.o(i.LCD_GLASS_WriteChar)
    LCD_GetFlagStatus                        0x08000e9d   Thumb Code    16  stm32l1xx_lcd.o(i.LCD_GetFlagStatus)
    LCD_Init                                 0x08000eb1   Thumb Code    60  stm32l1xx_lcd.o(i.LCD_Init)
    LCD_MuxSegmentCmd                        0x08000ef1   Thumb Code     6  stm32l1xx_lcd.o(i.LCD_MuxSegmentCmd)
    LCD_PulseOnDurationConfig                0x08000efd   Thumb Code    18  stm32l1xx_lcd.o(i.LCD_PulseOnDurationConfig)
    LCD_UpdateDisplayRequest                 0x08000f15   Thumb Code     8  stm32l1xx_lcd.o(i.LCD_UpdateDisplayRequest)
    LCD_WaitForSynchro                       0x08000f21   Thumb Code    10  stm32l1xx_lcd.o(i.LCD_WaitForSynchro)
    LCD_bar                                  0x08000f31   Thumb Code    48  stm32l_discovery_lcd.o(i.LCD_bar)
    MemManage_Handler                        0x08000f69   Thumb Code     2  stm32l1xx_it.o(i.MemManage_Handler)
    NMI_Handler                              0x08000f6b   Thumb Code     2  stm32l1xx_it.o(i.NMI_Handler)
    NVIC_Init                                0x08000f6d   Thumb Code    90  misc.o(i.NVIC_Init)
    PWR_EnterSTOPMode                        0x08000fd1   Thumb Code    42  stm32l1xx_pwr.o(i.PWR_EnterSTOPMode)
    PWR_GetFlagStatus                        0x08001005   Thumb Code    16  stm32l1xx_pwr.o(i.PWR_GetFlagStatus)
    PWR_RTCAccessCmd                         0x08001019   Thumb Code     6  stm32l1xx_pwr.o(i.PWR_RTCAccessCmd)
    PWR_VoltageScalingConfig                 0x08001025   Thumb Code    18  stm32l1xx_pwr.o(i.PWR_VoltageScalingConfig)
    PendSV_Handler                           0x0800103d   Thumb Code     2  stm32l1xx_it.o(i.PendSV_Handler)
    RCC_AHBPeriphClockCmd                    0x08001041   Thumb Code    18  stm32l1xx_rcc.o(i.RCC_AHBPeriphClockCmd)
    RCC_APB1PeriphClockCmd                   0x08001059   Thumb Code    18  stm32l1xx_rcc.o(i.RCC_APB1PeriphClockCmd)
    RCC_APB2PeriphClockCmd                   0x08001071   Thumb Code    18  stm32l1xx_rcc.o(i.RCC_APB2PeriphClockCmd)
    RCC_Configuration                        0x08001089   Thumb Code    70  main.o(i.RCC_Configuration)
    RCC_GetClocksFreq                        0x080010d5   Thumb Code   152  stm32l1xx_rcc.o(i.RCC_GetClocksFreq)
    RCC_GetFlagStatus                        0x0800117d   Thumb Code    36  stm32l1xx_rcc.o(i.RCC_GetFlagStatus)
    RCC_HSEConfig                            0x080011a5   Thumb Code    10  stm32l1xx_rcc.o(i.RCC_HSEConfig)
    RCC_HSICmd                               0x080011b5   Thumb Code     6  stm32l1xx_rcc.o(i.RCC_HSICmd)
    RCC_LSEConfig                            0x080011c1   Thumb Code    10  stm32l1xx_rcc.o(i.RCC_LSEConfig)
    RCC_MSIRangeConfig                       0x080011d1   Thumb Code    14  stm32l1xx_rcc.o(i.RCC_MSIRangeConfig)
    RCC_RTCCLKCmd                            0x080011e5   Thumb Code     6  stm32l1xx_rcc.o(i.RCC_RTCCLKCmd)
    RCC_RTCCLKConfig                         0x080011f1   Thumb Code    48  stm32l1xx_rcc.o(i.RCC_RTCCLKConfig)
    RCC_RTCResetCmd                          0x08001225   Thumb Code     6  stm32l1xx_rcc.o(i.RCC_RTCResetCmd)
    RCC_SYSCLKConfig                         0x08001231   Thumb Code    14  stm32l1xx_rcc.o(i.RCC_SYSCLKConfig)
    RTC_ClearITPendingBit                    0x08001245   Thumb Code    24  stm32l1xx_rtc.o(i.RTC_ClearITPendingBit)
    RTC_Configuration                        0x08001261   Thumb Code    54  main.o(i.RTC_Configuration)
    RTC_GetITStatus                          0x08001299   Thumb Code    46  stm32l1xx_rtc.o(i.RTC_GetITStatus)
    RTC_ITConfig                             0x080012d1   Thumb Code    60  stm32l1xx_rtc.o(i.RTC_ITConfig)
    RTC_SetWakeUpCounter                     0x08001311   Thumb Code    22  stm32l1xx_rtc.o(i.RTC_SetWakeUpCounter)
    RTC_WKUP_IRQHandler                      0x0800132d   Thumb Code    34  stm32l1xx_it.o(i.RTC_WKUP_IRQHandler)
    RTC_WaitForSynchro                       0x08001351   Thumb Code    62  stm32l1xx_rtc.o(i.RTC_WaitForSynchro)
    RTC_WakeUpClockConfig                    0x08001395   Thumb Code    34  stm32l1xx_rtc.o(i.RTC_WakeUpClockConfig)
    RTC_WakeUpCmd                            0x080013bd   Thumb Code    78  stm32l1xx_rtc.o(i.RTC_WakeUpCmd)
    SVC_Handler                              0x08001411   Thumb Code     2  stm32l1xx_it.o(i.SVC_Handler)
    SYSCFG_EXTILineConfig                    0x08001415   Thumb Code    34  stm32l1xx_syscfg.o(i.SYSCFG_EXTILineConfig)
    SysTick_Handler                          0x080014c1   Thumb Code     4  stm32l1xx_it.o(i.SysTick_Handler)
    SystemInit                               0x080014c5   Thumb Code    68  system_stm32l1xx.o(i.SystemInit)
    TimingDelay_Decrement                    0x08001519   Thumb Code    16  main.o(i.TimingDelay_Decrement)
    UsageFault_Handler                       0x0800152d   Thumb Code     2  stm32l1xx_it.o(i.UsageFault_Handler)
    __0sprintf$1                             0x08001531   Thumb Code    34  printf1.o(i.__0sprintf$1)
    __1sprintf$1                             0x08001531   Thumb Code     0  printf1.o(i.__0sprintf$1)
    __2sprintf                               0x08001531   Thumb Code     0  printf1.o(i.__0sprintf$1)
    __scatterload_copy                       0x08001559   Thumb Code    14  handlers.o(i.__scatterload_copy)
    __scatterload_null                       0x08001567   Thumb Code     2  handlers.o(i.__scatterload_null)
    __scatterload_zeroinit                   0x08001569   Thumb Code    14  handlers.o(i.__scatterload_zeroinit)
    acquireTemperatureData                   0x080016d5   Thumb Code   106  main.o(i.acquireTemperatureData)
    conf_analog_all_GPIOS                    0x08001751   Thumb Code    96  main.o(i.conf_analog_all_GPIOS)
    configureADC_Temp                        0x080017c9   Thumb Code   158  main.o(i.configureADC_Temp)
    configureDMA                             0x08001875   Thumb Code   110  main.o(i.configureDMA)
    configureWakeup                          0x080018f1   Thumb Code   160  main.o(i.configureWakeup)
    insertionSort                            0x08001995   Thumb Code    48  main.o(i.insertionSort)
    interquartileMean                        0x080019c5   Thumb Code    36  main.o(i.interquartileMean)
    main                                     0x080019e9   Thumb Code   280  main.o(i.main)
    powerDownADC_Temper                      0x08001b5d   Thumb Code    42  main.o(i.powerDownADC_Temper)
    processTempData                          0x08001b91   Thumb Code    74  main.o(i.processTempData)
    setADCDMA_TransferComplete               0x08001be5   Thumb Code     8  main.o(i.setADCDMA_TransferComplete)
    setUserButtonFlag                        0x08001bf1   Thumb Code     8  main.o(i.setUserButtonFlag)
    testFactoryCalibData                     0x08001bfd   Thumb Code    20  main.o(i.testFactoryCalibData)
    testUserCalibData                        0x08001c15   Thumb Code    18  main.o(i.testUserCalibData)
    writeCalibData                           0x08001c2d   Thumb Code    54  main.o(i.writeCalibData)
    CapLetterMap                             0x08001c6c   Data          52  stm32l_discovery_lcd.o(.constdata)
    NumberMap                                0x08001ca0   Data          20  stm32l_discovery_lcd.o(.constdata)
    Region$$Table$$Base                      0x08001cb4   Number         0  anon$$obj.o(Region$$Table)
    Region$$Table$$Limit                     0x08001cd4   Number         0  anon$$obj.o(Region$$Table)
    KeyPressed                               0x20000019   Data           1  stm32l_discovery_lcd.o(.data)
    t_bar                                    0x2000001a   Data           2  stm32l_discovery_lcd.o(.data)
    CurrentlyDisplayed                       0x2000001c   Data           1  main.o(.data)
    FLASHStatus                              0x2000001d   Data           1  main.o(.data)
    flag_ADCDMA_TransferComplete             0x2000001e   Data           1  main.o(.data)
    flag_UserButton                          0x2000001f   Data           1  main.o(.data)
    T_StartupTimeDelay                       0x20000020   Data           2  main.o(.data)
    ADC_CommonInitStructure                  0x20000024   Data           4  main.o(.data)
    refAVG                                   0x20000028   Data           4  main.o(.data)
    tempAVG                                  0x2000002c   Data           4  main.o(.data)
    temperature_C                            0x20000030   Data           4  main.o(.data)
    calibdata                                0x20000038   Data           8  main.o(.data)
    ADC_InitStructure                        0x20000040   Data          24  main.o(.bss)
    DMA_InitStructure                        0x20000058   Data          44  main.o(.bss)
    ADC_ConvertedValueBuff                   0x20000084   Data          40  main.o(.bss)
    strDisp                                  0x200000ac   Data          20  main.o(.bss)
    RCC_Clocks                               0x200000c0   Data          16  main.o(.bss)
    __initial_sp                             0x200004d0   Data           0  startup_stm32l1xx_md.o(STACK)



==============================================================================

Memory Map of the image

  Image Entry point : 0x080000f5

  Load Region LOAD_ROM0 (Base: 0x08000000, Size: 0x00001d14, Max: 0xffffffff, ABSOLUTE)

    Execution Region EXEC_ROM0 (Base: 0x08000000, Size: 0x00001cd4, Max: 0x00010000, ABSOLUTE)

    Base Addr    Size         Type   Attr      Idx    E Section Name        Object

    0x08000000   0x000000f4   Data   RO           19    RESET               startup_stm32l1xx_md.o
    0x080000f4   0x00000000   Code   RO         3403  * .ARM.Collect$$$$00000000  mc_w.l(entry.o)
    0x080000f4   0x00000004   Code   RO         3667    .ARM.Collect$$$$00000001  mc_w.l(entry2.o)
    0x080000f8   0x00000004   Code   RO         3670    .ARM.Collect$$$$00000004  mc_w.l(entry5.o)
    0x080000fc   0x00000000   Code   RO         3672    .ARM.Collect$$$$00000008  mc_w.l(entry7b.o)
    0x080000fc   0x00000008   Code   RO         3673    .ARM.Collect$$$$00000009  mc_w.l(entry8.o)
    0x08000104   0x00000004   Code   RO         3668    .ARM.Collect$$$$00002712  mc_w.l(entry2.o)
    0x08000108   0x00000024   Code   RO           20    .text               startup_stm32l1xx_md.o
    0x0800012c   0x0000002c   Code   RO         3677    .text               mc_w.l(uidiv.o)
    0x08000158   0x00000024   Code   RO         3692    .text               mc_w.l(init.o)
    0x0800017c   0x00000014   Code   RO         2703    i.ADC_Cmd           stm32l1xx_adc.o
    0x08000190   0x00000014   Code   RO         2704    i.ADC_CommonInit    stm32l1xx_adc.o
    0x080001a4   0x00000014   Code   RO         2707    i.ADC_DMACmd        stm32l1xx_adc.o
    0x080001b8   0x0000000e   Code   RO         2717    i.ADC_GetFlagStatus  stm32l1xx_adc.o
    0x080001c6   0x00000002   PAD
    0x080001c8   0x0000004c   Code   RO         2723    i.ADC_Init          stm32l1xx_adc.o
    0x08000214   0x000000be   Code   RO         2728    i.ADC_RegularChannelConfig  stm32l1xx_adc.o
    0x080002d2   0x0000000a   Code   RO         2730    i.ADC_SoftwareStartConv  stm32l1xx_adc.o
    0x080002dc   0x00000018   Code   RO         2732    i.ADC_StructInit    stm32l1xx_adc.o
    0x080002f4   0x0000001c   Code   RO         2733    i.ADC_TempSensorVrefintCmd  stm32l1xx_adc.o
    0x08000310   0x00000002   Code   RO         3281    i.BusFault_Handler  stm32l1xx_it.o
    0x08000312   0x00000022   Code   RO         2088    i.DATA_EEPROM_ProgramWord  stm32l1xx_flash.o
    0x08000334   0x00000024   Code   RO         2089    i.DATA_EEPROM_Unlock  stm32l1xx_flash.o
    0x08000358   0x00000018   Code   RO         2439    i.DBGMCU_Config     stm32l1xx_dbgmcu.o
    0x08000370   0x00000010   Code   RO         3282    i.DMA1_Channel1_IRQHandler  stm32l1xx_it.o
    0x08000380   0x00000010   Code   RO         2357    i.DMA_ClearFlag     stm32l1xx_dma.o
    0x08000390   0x00000016   Code   RO         2359    i.DMA_Cmd           stm32l1xx_dma.o
    0x080003a6   0x00000002   PAD
    0x080003a8   0x0000008c   Code   RO         2360    i.DMA_DeInit        stm32l1xx_dma.o
    0x08000434   0x00000010   Code   RO         2364    i.DMA_ITConfig      stm32l1xx_dma.o
    0x08000444   0x0000003a   Code   RO         2365    i.DMA_Init          stm32l1xx_dma.o
    0x0800047e   0x0000001a   Code   RO         2367    i.DMA_StructInit    stm32l1xx_dma.o
    0x08000498   0x00000002   Code   RO         3283    i.DebugMon_Handler  stm32l1xx_it.o
    0x0800049a   0x00000002   PAD
    0x0800049c   0x00000010   Code   RO         3128    i.Delay             main.o
    0x080004ac   0x00000010   Code   RO         3284    i.EXTI0_IRQHandler  stm32l1xx_it.o
    0x080004bc   0x0000000c   Code   RO         2296    i.EXTI_ClearITPendingBit  stm32l1xx_exti.o
    0x080004c8   0x00000070   Code   RO         2301    i.EXTI_Init         stm32l1xx_exti.o
    0x08000538   0x0000000c   Code   RO         2090    i.FLASH_ClearFlag   stm32l1xx_flash.o
    0x08000544   0x0000002c   Code   RO         2094    i.FLASH_GetStatus   stm32l1xx_flash.o
    0x08000570   0x00000024   Code   RO         2113    i.FLASH_WaitForLastOperation  stm32l1xx_flash.o
    0x08000594   0x0000007a   Code   RO         1989    i.GPIO_Init         stm32l1xx_gpio.o
    0x0800060e   0x00000020   Code   RO         1990    i.GPIO_PinAFConfig  stm32l1xx_gpio.o
    0x0800062e   0x00000012   Code   RO         1998    i.GPIO_StructInit   stm32l1xx_gpio.o
    0x08000640   0x00000002   Code   RO         3285    i.HardFault_Handler  stm32l1xx_it.o
    0x08000642   0x00000002   PAD
    0x08000644   0x000000a0   Code   RO         3129    i.Init_GPIOs        main.o
    0x080006e4   0x00000018   Code   RO         1610    i.LCD_BlinkConfig   stm32l1xx_lcd.o
    0x080006fc   0x0000000c   Code   RO         1613    i.LCD_Cmd           stm32l1xx_lcd.o
    0x08000708   0x00000018   Code   RO         1614    i.LCD_ContrastConfig  stm32l1xx_lcd.o
    0x08000720   0x000000f8   Code   RO         3039    i.LCD_Conv_Char_Seg  stm32l_discovery_lcd.o
    0x08000818   0x00000018   Code   RO         1616    i.LCD_DeadTimeConfig  stm32l1xx_lcd.o
    0x08000830   0x00000028   Code   RO         3040    i.LCD_GLASS_Clear   stm32l_discovery_lcd.o
    0x08000858   0x0000017c   Code   RO         3041    i.LCD_GLASS_Configure_GPIO  stm32l_discovery_lcd.o
    0x080009d4   0x00000026   Code   RO         3043    i.LCD_GLASS_DisplayString  stm32l_discovery_lcd.o
    0x080009fa   0x00000068   Code   RO         3044    i.LCD_GLASS_Init    stm32l_discovery_lcd.o
    0x08000a62   0x00000002   PAD
    0x08000a64   0x000000c8   Code   RO         3045    i.LCD_GLASS_ScrollSentence  stm32l_discovery_lcd.o
    0x08000b2c   0x00000370   Code   RO         3046    i.LCD_GLASS_WriteChar  stm32l_discovery_lcd.o
    0x08000e9c   0x00000014   Code   RO         1617    i.LCD_GetFlagStatus  stm32l1xx_lcd.o
    0x08000eb0   0x00000040   Code   RO         1621    i.LCD_Init          stm32l1xx_lcd.o
    0x08000ef0   0x0000000c   Code   RO         1622    i.LCD_MuxSegmentCmd  stm32l1xx_lcd.o
    0x08000efc   0x00000018   Code   RO         1623    i.LCD_PulseOnDurationConfig  stm32l1xx_lcd.o
    0x08000f14   0x0000000c   Code   RO         1625    i.LCD_UpdateDisplayRequest  stm32l1xx_lcd.o
    0x08000f20   0x00000010   Code   RO         1626    i.LCD_WaitForSynchro  stm32l1xx_lcd.o
    0x08000f30   0x00000038   Code   RO         3047    i.LCD_bar           stm32l_discovery_lcd.o
    0x08000f68   0x00000002   Code   RO         3286    i.MemManage_Handler  stm32l1xx_it.o
    0x08000f6a   0x00000002   Code   RO         3287    i.NMI_Handler       stm32l1xx_it.o
    0x08000f6c   0x00000064   Code   RO         2933    i.NVIC_Init         misc.o
    0x08000fd0   0x00000034   Code   RO         1516    i.PWR_EnterSTOPMode  stm32l1xx_pwr.o
    0x08001004   0x00000014   Code   RO         1519    i.PWR_GetFlagStatus  stm32l1xx_pwr.o
    0x08001018   0x0000000c   Code   RO         1522    i.PWR_RTCAccessCmd  stm32l1xx_pwr.o
    0x08001024   0x00000018   Code   RO         1524    i.PWR_VoltageScalingConfig  stm32l1xx_pwr.o
    0x0800103c   0x00000002   Code   RO         3288    i.PendSV_Handler    stm32l1xx_it.o
    0x0800103e   0x00000002   PAD
    0x08001040   0x00000018   Code   RO         1274    i.RCC_AHBPeriphClockCmd  stm32l1xx_rcc.o
    0x08001058   0x00000018   Code   RO         1277    i.RCC_APB1PeriphClockCmd  stm32l1xx_rcc.o
    0x08001070   0x00000018   Code   RO         1280    i.RCC_APB2PeriphClockCmd  stm32l1xx_rcc.o
    0x08001088   0x0000004c   Code   RO         3130    i.RCC_Configuration  main.o
    0x080010d4   0x000000a8   Code   RO         1289    i.RCC_GetClocksFreq  stm32l1xx_rcc.o
    0x0800117c   0x00000028   Code   RO         1290    i.RCC_GetFlagStatus  stm32l1xx_rcc.o
    0x080011a4   0x00000010   Code   RO         1294    i.RCC_HSEConfig     stm32l1xx_rcc.o
    0x080011b4   0x0000000c   Code   RO         1295    i.RCC_HSICmd        stm32l1xx_rcc.o
    0x080011c0   0x00000010   Code   RO         1297    i.RCC_LSEConfig     stm32l1xx_rcc.o
    0x080011d0   0x00000014   Code   RO         1301    i.RCC_MSIRangeConfig  stm32l1xx_rcc.o
    0x080011e4   0x0000000c   Code   RO         1306    i.RCC_RTCCLKCmd     stm32l1xx_rcc.o
    0x080011f0   0x00000034   Code   RO         1307    i.RCC_RTCCLKConfig  stm32l1xx_rcc.o
    0x08001224   0x0000000c   Code   RO         1308    i.RCC_RTCResetCmd   stm32l1xx_rcc.o
    0x08001230   0x00000014   Code   RO         1309    i.RCC_SYSCLKConfig  stm32l1xx_rcc.o
    0x08001244   0x0000001c   Code   RO         1016    i.RTC_ClearITPendingBit  stm32l1xx_rtc.o
    0x08001260   0x00000036   Code   RO         3131    i.RTC_Configuration  main.o
    0x08001296   0x00000002   PAD
    0x08001298   0x00000038   Code   RO         1027    i.RTC_GetITStatus   stm32l1xx_rtc.o
    0x080012d0   0x00000040   Code   RO         1032    i.RTC_ITConfig      stm32l1xx_rtc.o
    0x08001310   0x0000001c   Code   RO         1041    i.RTC_SetWakeUpCounter  stm32l1xx_rtc.o
    0x0800132c   0x00000022   Code   RO         3289    i.RTC_WKUP_IRQHandler  stm32l1xx_it.o
    0x0800134e   0x00000002   PAD
    0x08001350   0x00000044   Code   RO         1047    i.RTC_WaitForSynchro  stm32l1xx_rtc.o
    0x08001394   0x00000028   Code   RO         1048    i.RTC_WakeUpClockConfig  stm32l1xx_rtc.o
    0x080013bc   0x00000054   Code   RO         1049    i.RTC_WakeUpCmd     stm32l1xx_rtc.o
    0x08001410   0x00000002   Code   RO         3290    i.SVC_Handler       stm32l1xx_it.o
    0x08001412   0x00000002   PAD
    0x08001414   0x00000028   Code   RO          797    i.SYSCFG_EXTILineConfig  stm32l1xx_syscfg.o
    0x0800143c   0x00000084   Code   RO         3370    i.SetSysClock       system_stm32l1xx.o
    0x080014c0   0x00000004   Code   RO         3291    i.SysTick_Handler   stm32l1xx_it.o
    0x080014c4   0x00000054   Code   RO         3372    i.SystemInit        system_stm32l1xx.o
    0x08001518   0x00000014   Code   RO         3132    i.TimingDelay_Decrement  main.o
    0x0800152c   0x00000002   Code   RO         3292    i.UsageFault_Handler  stm32l1xx_it.o
    0x0800152e   0x00000002   PAD
    0x08001530   0x00000028   Code   RO         3453    i.__0sprintf$1      mc_w.l(printf1.o)
    0x08001558   0x0000000e   Code   RO         3706    i.__scatterload_copy  mc_w.l(handlers.o)
    0x08001566   0x00000002   Code   RO         3707    i.__scatterload_null  mc_w.l(handlers.o)
    0x08001568   0x0000000e   Code   RO         3708    i.__scatterload_zeroinit  mc_w.l(handlers.o)
    0x08001576   0x00000002   PAD
    0x08001578   0x00000150   Code   RO         3458    i._printf_core      mc_w.l(printf1.o)
    0x080016c8   0x0000000a   Code   RO         3460    i._sputc            mc_w.l(printf1.o)
    0x080016d2   0x00000002   PAD
    0x080016d4   0x0000007c   Code   RO         3133    i.acquireTemperatureData  main.o
    0x08001750   0x00000078   Code   RO         3136    i.conf_analog_all_GPIOS  main.o
    0x080017c8   0x000000ac   Code   RO         3137    i.configureADC_Temp  main.o
    0x08001874   0x0000007c   Code   RO         3138    i.configureDMA      main.o
    0x080018f0   0x000000a4   Code   RO         3139    i.configureWakeup   main.o
    0x08001994   0x00000030   Code   RO         3140    i.insertionSort     main.o
    0x080019c4   0x00000024   Code   RO         3141    i.interquartileMean  main.o
    0x080019e8   0x00000174   Code   RO         3142    i.main              main.o
    0x08001b5c   0x00000034   Code   RO         3143    i.powerDownADC_Temper  main.o
    0x08001b90   0x00000054   Code   RO         3144    i.processTempData   main.o
    0x08001be4   0x0000000c   Code   RO         3145    i.setADCDMA_TransferComplete  main.o
    0x08001bf0   0x0000000c   Code   RO         3146    i.setUserButtonFlag  main.o
    0x08001bfc   0x00000018   Code   RO         3147    i.testFactoryCalibData  main.o
    0x08001c14   0x00000018   Code   RO         3148    i.testUserCalibData  main.o
    0x08001c2c   0x00000040   Code   RO         3149    i.writeCalibData    main.o
    0x08001c6c   0x00000048   Data   RO         3049    .constdata          stm32l_discovery_lcd.o
    0x08001cb4   0x00000020   Data   RO         3704    Region$$Table       anon$$obj.o


    Execution Region DATA_RAM0 (Base: 0x20000000, Size: 0x000004d0, Max: 0x00002800, ABSOLUTE)

    Base Addr    Size         Type   Attr      Idx    E Section Name        Object

    0x20000000   0x00000019   Data   RW         1311    .data               stm32l1xx_rcc.o
    0x20000019   0x00000003   Data   RW         3050    .data               stm32l_discovery_lcd.o
    0x2000001c   0x00000024   Data   RW         3152    .data               main.o
    0x20000040   0x00000090   Zero   RW         3150    .bss                main.o
    0x200000d0   0x00000400   Zero   RW           17    STACK               startup_stm32l1xx_md.o


==============================================================================

Image component sizes


      Code (inc. data)   RO Data    RW Data    ZI Data      Debug   Object Name

         0          0          0          0          0       4148   core_cm3.o
      1758        236          0         36        144      19288   main.o
       100         10          0          0          0       1212   misc.o
        36          8        244          0       1024        952   startup_stm32l1xx_md.o
       402         20          0          0          0       7682   stm32l1xx_adc.o
        24          6          0          0          0        668   stm32l1xx_dbgmcu.o
       278         10          0          0          0       5298   stm32l1xx_dma.o
       124         10          0          0          0       1841   stm32l1xx_exti.o
       162         26          0          0          0       4748   stm32l1xx_flash.o
       172          0          0          0          0       2725   stm32l1xx_gpio.o
        86          0          0          0          0       5846   stm32l1xx_it.o
       232         52          0          0          0       7429   stm32l1xx_lcd.o
       108         26          0          0          0       2642   stm32l1xx_pwr.o
       440         84          0         25          0      10532   stm32l1xx_rcc.o
       368         42          0          0          0       6196   stm32l1xx_rtc.o
        40          6          0          0          0        756   stm32l1xx_syscfg.o
         0          0          0          0          0     218464   stm32l1xx_usart.o
      1946         60         72          3          0       8079   stm32l_discovery_lcd.o
       216         30          0          0          0       1549   system_stm32l1xx.o

    ----------------------------------------------------------------------
      6512        626        348         64       1168     310055   Object Totals
         0          0         32          0          0          0   (incl. Generated)
        20          0          0          0          0          0   (incl. Padding)

    ----------------------------------------------------------------------

      Code (inc. data)   RO Data    RW Data    ZI Data      Debug   Library Member Name

         0          0          0          0          0          0   entry.o
         8          4          0          0          0          0   entry2.o
         4          0          0          0          0          0   entry5.o
         0          0          0          0          0          0   entry7b.o
         8          4          0          0          0          0   entry8.o
        30          0          0          0          0          0   handlers.o
        36          8          0          0          0         68   init.o
       386         10          0          0          0        248   printf1.o
        44          0          0          0          0         80   uidiv.o

    ----------------------------------------------------------------------
       520         26          0          0          0        396   Library Totals
         4          0          0          0          0          0   (incl. Padding)

    ----------------------------------------------------------------------

      Code (inc. data)   RO Data    RW Data    ZI Data      Debug   Library Name

       516         26          0          0          0        396   mc_w.l

    ----------------------------------------------------------------------
       520         26          0          0          0        396   Library Totals

    ----------------------------------------------------------------------

==============================================================================


      Code (inc. data)   RO Data    RW Data    ZI Data      Debug   

      7032        652        348         64       1168     305991   Grand Totals
      7032        652        348         64       1168     305991   ELF Image Totals
      7032        652        348         64          0          0   ROM Totals

==============================================================================

    Total RO  Size (Code + RO Data)                 7380 (   7.21kB)
    Total RW  Size (RW Data + ZI Data)              1232 (   1.20kB)
    Total ROM Size (Code + RO Data + RW Data)       7444 (   7.27kB)

==============================================================================

